Component: ARM Compiler 5.06 update 6 (build 750) Tool: armlink [4d35ed]

==============================================================================

Section Cross References

    main.o(i.BLE_WriteBuffer) refers to ble_nus.o(i.ble_nus_string_send) for ble_nus_string_send
    main.o(i.BLE_WriteBuffer) refers to main.o(.bss) for .bss
    main.o(i.Debug_TaskState) refers to nrf_log_frontend.o(i.nrf_log_frontend_std_0) for nrf_log_frontend_std_0
    main.o(i.Debug_TaskState) refers to main.o(.data) for .data
    main.o(i.Main_Init) refers to nrf_log_frontend.o(i.nrf_log_init) for nrf_log_init
    main.o(i.Main_Init) refers to app_error.o(i.app_error_handler_bare) for app_error_handler_bare
    main.o(i.Main_Init) refers to nrf_log_frontend.o(i.nrf_log_frontend_std_0) for nrf_log_frontend_std_0
    main.o(i.Main_Init) refers to app_timer.o(i.app_timer_init) for app_timer_init
    main.o(i.Main_Init) refers to bsp.o(i.bsp_init) for bsp_init
    main.o(i.Main_Init) refers to bsp_btn_ble.o(i.bsp_btn_ble_init) for bsp_btn_ble_init
    main.o(i.Main_Init) refers to softdevice_handler.o(i.softdevice_handler_init) for softdevice_handler_init
    main.o(i.Main_Init) refers to softdevice_handler.o(i.softdevice_enable_get_default_config) for softdevice_enable_get_default_config
    main.o(i.Main_Init) refers to softdevice_handler.o(i.softdevice_enable) for softdevice_enable
    main.o(i.Main_Init) refers to softdevice_handler.o(i.softdevice_ble_evt_handler_set) for softdevice_ble_evt_handler_set
    main.o(i.Main_Init) refers to ble_nus.o(i.ble_nus_init) for ble_nus_init
    main.o(i.Main_Init) refers to memseta.o(.text) for __aeabi_memclr4
    main.o(i.Main_Init) refers to ble_advertising.o(i.ble_advertising_init) for ble_advertising_init
    main.o(i.Main_Init) refers to ble_conn_params.o(i.ble_conn_params_init) for ble_conn_params_init
    main.o(i.Main_Init) refers to app_timer.o(i.app_timer_create) for app_timer_create
    main.o(i.Main_Init) refers to main.o(.bss) for .bss
    main.o(i.Main_Init) refers to main.o(i.bsp_event_handler) for bsp_event_handler
    main.o(i.Main_Init) refers to main.o(.constdata) for .constdata
    main.o(i.Main_Init) refers to main.o(i.ble_evt_dispatch) for ble_evt_dispatch
    main.o(i.Main_Init) refers to main.o(i.nus_data_handler) for nus_data_handler
    main.o(i.Main_Init) refers to main.o(.data) for .data
    main.o(i.Main_Init) refers to main.o(i.on_adv_evt) for on_adv_evt
    main.o(i.Main_Init) refers to main.o(i.on_conn_params_evt) for on_conn_params_evt
    main.o(i.Main_Init) refers to main.o(i.conn_params_error_handler) for conn_params_error_handler
    main.o(i.Main_Init) refers to main.o(i.user_timer_handler) for user_timer_handler
    main.o(i.Main_Proc) refers to nrf_log_frontend.o(i.nrf_log_frontend_std_0) for nrf_log_frontend_std_0
    main.o(i.Main_Proc) refers to ble_advertising.o(i.ble_advertising_start) for ble_advertising_start
    main.o(i.Main_Proc) refers to app_error.o(i.app_error_handler_bare) for app_error_handler_bare
    main.o(i.Main_Proc) refers to user_adc.o(i.Thermistor_GetValue) for Thermistor_GetValue
    main.o(i.Main_Proc) refers to uidiv.o(.text) for __aeabi_uidivmod
    main.o(i.Main_Proc) refers to printf8.o(i.__0sprintf$8) for __2sprintf
    main.o(i.Main_Proc) refers to nrf_log_frontend.o(i.nrf_log_frontend_std_1) for nrf_log_frontend_std_1
    main.o(i.Main_Proc) refers to strlen.o(.text) for strlen
    main.o(i.Main_Proc) refers to main.o(i.BLE_WriteBuffer) for BLE_WriteBuffer
    main.o(i.Main_Proc) refers to main.o(.data) for .data
    main.o(i.Main_Proc) refers to main.o(.bss) for .bss
    main.o(i.Main_Proc) refers to system_nrf51.o(.data) for SystemCoreClock
    main.o(i.assert_nrf_callback) refers to app_error.o(i.app_error_handler) for app_error_handler
    main.o(i.ble_evt_dispatch) refers to ble_conn_params.o(i.ble_conn_params_on_ble_evt) for ble_conn_params_on_ble_evt
    main.o(i.ble_evt_dispatch) refers to ble_nus.o(i.ble_nus_on_ble_evt) for ble_nus_on_ble_evt
    main.o(i.ble_evt_dispatch) refers to main.o(i.on_ble_evt) for on_ble_evt
    main.o(i.ble_evt_dispatch) refers to ble_advertising.o(i.ble_advertising_on_ble_evt) for ble_advertising_on_ble_evt
    main.o(i.ble_evt_dispatch) refers to bsp_btn_ble.o(i.bsp_btn_ble_on_ble_evt) for bsp_btn_ble_on_ble_evt
    main.o(i.ble_evt_dispatch) refers to main.o(.bss) for .bss
    main.o(i.bsp_event_handler) refers to nrf_log_frontend.o(i.nrf_log_frontend_std_0) for nrf_log_frontend_std_0
    main.o(i.bsp_event_handler) refers to main.o(i.sleep_mode_enter) for sleep_mode_enter
    main.o(i.bsp_event_handler) refers to app_error.o(i.app_error_handler_bare) for app_error_handler_bare
    main.o(i.bsp_event_handler) refers to ble_advertising.o(i.ble_advertising_restart_without_whitelist) for ble_advertising_restart_without_whitelist
    main.o(i.bsp_event_handler) refers to main.o(.data) for .data
[...]
    i.channel_free                           0x0001d19c   Section        0  nrf_drv_gpiote.o(i.channel_free)
    channel_free                             0x0001d19d   Thumb Code    22  nrf_drv_gpiote.o(i.channel_free)
    i.channel_port_alloc                     0x0001d1b8   Section        0  nrf_drv_gpiote.o(i.channel_port_alloc)
    channel_port_alloc                       0x0001d1b9   Thumb Code    66  nrf_drv_gpiote.o(i.channel_port_alloc)
    i.channel_port_get                       0x0001d200   Section        0  nrf_drv_gpiote.o(i.channel_port_get)
    channel_port_get                         0x0001d201   Thumb Code    10  nrf_drv_gpiote.o(i.channel_port_get)
    i.clock_clk_started_notify               0x0001d210   Section        0  nrf_drv_clock.o(i.clock_clk_started_notify)
    clock_clk_started_notify                 0x0001d211   Thumb Code    34  nrf_drv_clock.o(i.clock_clk_started_notify)
    i.compare_reg_update                     0x0001d238   Section        0  app_timer.o(i.compare_reg_update)
    compare_reg_update                       0x0001d239   Thumb Code   142  app_timer.o(i.compare_reg_update)
    i.conn_int_encode                        0x0001d2e0   Section        0  ble_advdata.o(i.conn_int_encode)
    conn_int_encode                          0x0001d2e1   Thumb Code   130  ble_advdata.o(i.conn_int_encode)
    i.conn_params_error_handler              0x0001d368   Section        0  main.o(i.conn_params_error_handler)
    conn_params_error_handler                0x0001d369   Thumb Code     8  main.o(i.conn_params_error_handler)
    i.conn_params_negotiation                0x0001d370   Section        0  ble_conn_params.o(i.conn_params_negotiation)
    conn_params_negotiation                  0x0001d371   Thumb Code    92  ble_conn_params.o(i.conn_params_negotiation)
    i.detection_delay_timeout_handler        0x0001d3d8   Section        0  app_button.o(i.detection_delay_timeout_handler)
    detection_delay_timeout_handler          0x0001d3d9   Thumb Code    90  app_button.o(i.detection_delay_timeout_handler)
    i.elapsed_ticks_acquire                  0x0001d438   Section        0  app_timer.o(i.elapsed_ticks_acquire)
    elapsed_ticks_acquire                    0x0001d439   Thumb Code    58  app_timer.o(i.elapsed_ticks_acquire)
    i.fs_queued_op_count_get                 0x0001d478   Section        0  fstorage.o(i.fs_queued_op_count_get)
    i.gpiote_event_handler                   0x0001d490   Section        0  app_button.o(i.gpiote_event_handler)
    gpiote_event_handler                     0x0001d491   Thumb Code    72  app_button.o(i.gpiote_event_handler)
    i.intern_softdevice_events_execute       0x0001d4e0   Section        0  softdevice_handler.o(i.intern_softdevice_events_execute)
    i.is_conn_params_ok                      0x0001d560   Section        0  ble_conn_params.o(i.is_conn_params_ok)
    is_conn_params_ok                        0x0001d561   Thumb Code    24  ble_conn_params.o(i.is_conn_params_ok)
    i.is_manual_peripheral_setup_needed      0x0001d57c   Section        0  system_nrf51.o(i.is_manual_peripheral_setup_needed)
    is_manual_peripheral_setup_needed        0x0001d57d   Thumb Code    66  system_nrf51.o(i.is_manual_peripheral_setup_needed)
    i.leds_timer_handler                     0x0001d5c4   Section        0  bsp.o(i.leds_timer_handler)
    leds_timer_handler                       0x0001d5c5   Thumb Code    18  bsp.o(i.leds_timer_handler)
    i.list_deletions_handler                 0x0001d5dc   Section        0  app_timer.o(i.list_deletions_handler)
    list_deletions_handler                   0x0001d5dd   Thumb Code   162  app_timer.o(i.list_deletions_handler)
    i.list_insertions_handler                0x0001d688   Section        0  app_timer.o(i.list_insertions_handler)
    list_insertions_handler                  0x0001d689   Thumb Code   178  app_timer.o(i.list_insertions_handler)
    i.main                                   0x0001d744   Section        0  main.o(i.main)
    i.manuf_specific_data_encode             0x0001d74c   Section        0  ble_advdata.o(i.manuf_specific_data_encode)
    manuf_specific_data_encode               0x0001d74d   Thumb Code   104  ble_advdata.o(i.manuf_specific_data_encode)
    i.name_encode                            0x0001d7b4   Section        0  ble_advdata.o(i.name_encode)
    name_encode                              0x0001d7b5   Thumb Code   158  ble_advdata.o(i.name_encode)
    i.nrf_adc_event_check                    0x0001d854   Section        0  nrf_drv_adc.o(i.nrf_adc_event_check)
    nrf_adc_event_check                      0x0001d855   Thumb Code    14  nrf_drv_adc.o(i.nrf_adc_event_check)
    i.nrf_bitmask_bit_is_set                 0x0001d868   Section        0  nrf_drv_gpiote.o(i.nrf_bitmask_bit_is_set)
    nrf_bitmask_bit_is_set                   0x0001d869   Thumb Code    16  nrf_drv_gpiote.o(i.nrf_bitmask_bit_is_set)
    i.nrf_clock_event_check                  0x0001d878   Section        0  nrf_drv_clock.o(i.nrf_clock_event_check)
    nrf_clock_event_check                    0x0001d879   Thumb Code    16  nrf_drv_clock.o(i.nrf_clock_event_check)
    i.nrf_delay_us                           0x0001d888   Section        0  app_timer.o(i.nrf_delay_us)
    nrf_delay_us                             0x0001d889   Thumb Code    38  app_timer.o(i.nrf_delay_us)
    i.nrf_drv_adc_buffer_convert             0x0001d8b8   Section        0  nrf_drv_adc.o(i.nrf_drv_adc_buffer_convert)
    i.nrf_drv_adc_channel_disable            0x0001d91c   Section        0  nrf_drv_adc.o(i.nrf_drv_adc_channel_disable)
    i.nrf_drv_adc_channel_enable             0x0001d940   Section        0  nrf_drv_adc.o(i.nrf_drv_adc_channel_enable)
    i.nrf_drv_adc_init                       0x0001d960   Section        0  nrf_drv_adc.o(i.nrf_drv_adc_init)
    i.nrf_drv_adc_sample                     0x0001d9a0   Section        0  nrf_drv_adc.o(i.nrf_drv_adc_sample)
    i.nrf_drv_adc_uninit                     0x0001d9ac   Section        0  nrf_drv_adc.o(i.nrf_drv_adc_uninit)
    i.nrf_drv_clock_init                     0x0001d9d8   Section        0  nrf_drv_clock.o(i.nrf_drv_clock_init)
    i.nrf_drv_clock_on_sd_enable             0x0001da20   Section        0  nrf_drv_clock.o(i.nrf_drv_clock_on_sd_enable)
    i.nrf_drv_clock_on_soc_event             0x0001da54   Section        0  nrf_drv_clock.o(i.nrf_drv_clock_on_soc_event)
    i.nrf_drv_common_irq_enable              0x0001da60   Section        0  nrf_drv_common.o(i.nrf_drv_common_irq_enable)
    i.nrf_drv_gpiote_in_event_enable         0x0001dac0   Section        0  nrf_drv_gpiote.o(i.nrf_drv_gpiote_in_event_enable)
    i.nrf_drv_gpiote_in_init                 0x0001db58   Section        0  nrf_drv_gpiote.o(i.nrf_drv_gpiote_in_init)
    i.nrf_drv_gpiote_in_is_set               0x0001dc00   Section        0  nrf_drv_gpiote.o(i.nrf_drv_gpiote_in_is_set)
    i.nrf_drv_gpiote_init                    0x0001dc14   Section        0  nrf_drv_gpiote.o(i.nrf_drv_gpiote_init)
    i.nrf_drv_gpiote_is_init                 0x0001dc70   Section        0  nrf_drv_gpiote.o(i.nrf_drv_gpiote_is_init)
    i.nrf_drv_uart_init                      0x0001dc80   Section        0  nrf_drv_uart.o(i.nrf_drv_uart_init)
    i.nrf_drv_uart_tx                        0x0001dd00   Section        0  nrf_drv_uart.o(i.nrf_drv_uart_tx)
    i.nrf_drv_uart_tx_for_uart               0x0001dd34   Section        0  nrf_drv_uart.o(i.nrf_drv_uart_tx_for_uart)
    nrf_drv_uart_tx_for_uart                 0x0001dd35   Thumb Code   134  nrf_drv_uart.o(i.nrf_drv_uart_tx_for_uart)
    i.nrf_drv_uart_tx_in_progress            0x0001ddc0   Section        0  nrf_drv_uart.o(i.nrf_drv_uart_tx_in_progress)
    i.nrf_drv_uart_uninit                    0x0001ddd8   Section        0  nrf_drv_uart.o(i.nrf_drv_uart_uninit)
    i.nrf_gpio_cfg                           0x0001de70   Section        0  boards.o(i.nrf_gpio_cfg)
    nrf_gpio_cfg                             0x0001de71   Thumb Code    40  boards.o(i.nrf_gpio_cfg)
    i.nrf_gpio_cfg                           0x0001de98   Section        0  nrf_drv_gpiote.o(i.nrf_gpio_cfg)
    nrf_gpio_cfg                             0x0001de99   Thumb Code    40  nrf_drv_gpiote.o(i.nrf_gpio_cfg)
    i.nrf_gpio_cfg                           0x0001dec0   Section        0  nrf_drv_uart.o(i.nrf_gpio_cfg)
    nrf_gpio_cfg                             0x0001dec1   Thumb Code    40  nrf_drv_uart.o(i.nrf_gpio_cfg)
    i.nrf_gpio_cfg_default                   0x0001dee8   Section        0  nrf_drv_uart.o(i.nrf_gpio_cfg_default)
    nrf_gpio_cfg_default                     0x0001dee9   Thumb Code    18  nrf_drv_uart.o(i.nrf_gpio_cfg_default)
    i.nrf_gpio_cfg_input                     0x0001defa   Section        0  nrf_drv_uart.o(i.nrf_gpio_cfg_input)
    nrf_gpio_cfg_input                       0x0001defb   Thumb Code    18  nrf_drv_uart.o(i.nrf_gpio_cfg_input)
    i.nrf_gpio_cfg_output                    0x0001df0c   Section        0  nrf_drv_uart.o(i.nrf_gpio_cfg_output)
    nrf_gpio_cfg_output                      0x0001df0d   Thumb Code    20  nrf_drv_uart.o(i.nrf_gpio_cfg_output)
    i.nrf_gpio_cfg_sense_set                 0x0001df20   Section        0  bsp.o(i.nrf_gpio_cfg_sense_set)
    nrf_gpio_cfg_sense_set                   0x0001df21   Thumb Code    34  bsp.o(i.nrf_gpio_cfg_sense_set)
    i.nrf_gpio_cfg_sense_set                 0x0001df42   Section        0  nrf_drv_gpiote.o(i.nrf_gpio_cfg_sense_set)
    nrf_gpio_cfg_sense_set                   0x0001df43   Thumb Code    34  nrf_drv_gpiote.o(i.nrf_gpio_cfg_sense_set)
    i.nrf_gpio_pin_write                     0x0001df64   Section        0  boards.o(i.nrf_gpio_pin_write)
    nrf_gpio_pin_write                       0x0001df65   Thumb Code    18  boards.o(i.nrf_gpio_pin_write)
    i.nrf_gpio_ports_read                    0x0001df7c   Section        0  nrf_drv_gpiote.o(i.nrf_gpio_ports_read)
    nrf_gpio_ports_read                      0x0001df7d   Thumb Code    36  nrf_drv_gpiote.o(i.nrf_gpio_ports_read)
    i.nrf_gpiote_event_clear                 0x0001dfa4   Section        0  nrf_drv_gpiote.o(i.nrf_gpiote_event_clear)
    nrf_gpiote_event_clear                   0x0001dfa5   Thumb Code    10  nrf_drv_gpiote.o(i.nrf_gpiote_event_clear)
    i.nrf_gpiote_event_is_set                0x0001dfb4   Section        0  nrf_drv_gpiote.o(i.nrf_gpiote_event_is_set)
    nrf_gpiote_event_is_set                  0x0001dfb5   Thumb Code    14  nrf_drv_gpiote.o(i.nrf_gpiote_event_is_set)
    i.nrf_log_backend_hexdump_handler_get    0x0001dfc8   Section        0  nrf_log_backend_serial.o(i.nrf_log_backend_hexdump_handler_get)
    i.nrf_log_backend_init                   0x0001dfd0   Section        0  nrf_log_backend_serial.o(i.nrf_log_backend_init)
    i.nrf_log_backend_serial_hexdump_handler 0x0001e048   Section        0  nrf_log_backend_serial.o(i.nrf_log_backend_serial_hexdump_handler)
    nrf_log_backend_serial_hexdump_handler   0x0001e049   Thumb Code   306  nrf_log_backend_serial.o(i.nrf_log_backend_serial_hexdump_handler)
    i.nrf_log_backend_serial_std_handler     0x0001e17a   Section        0  nrf_log_backend_serial.o(i.nrf_log_backend_serial_std_handler)
    nrf_log_backend_serial_std_handler       0x0001e17b   Thumb Code   260  nrf_log_backend_serial.o(i.nrf_log_backend_serial_std_handler)
    i.nrf_log_backend_std_handler_get        0x0001e280   Section        0  nrf_log_backend_serial.o(i.nrf_log_backend_std_handler_get)
    i.nrf_log_direct_feed                    0x0001e288   Section        0  nrf_log_frontend.o(i.nrf_log_direct_feed)
    nrf_log_direct_feed                      0x0001e289   Thumb Code    20  nrf_log_frontend.o(i.nrf_log_direct_feed)
    i.nrf_log_frontend_std_0                 0x0001e2a0   Section        0  nrf_log_frontend.o(i.nrf_log_frontend_std_0)
    i.nrf_log_frontend_std_1                 0x0001e2ac   Section        0  nrf_log_frontend.o(i.nrf_log_frontend_std_1)
    i.nrf_log_frontend_std_2                 0x0001e2ba   Section        0  nrf_log_frontend.o(i.nrf_log_frontend_std_2)
    i.nrf_log_handlers_set                   0x0001e2cc   Section        0  nrf_log_frontend.o(i.nrf_log_handlers_set)
    i.nrf_log_init                           0x0001e2d8   Section        0  nrf_log_frontend.o(i.nrf_log_init)
    i.nrf_uart_event_check                   0x0001e2fa   Section        0  nrf_drv_uart.o(i.nrf_uart_event_check)
    nrf_uart_event_check                     0x0001e2fb   Thumb Code    10  nrf_drv_uart.o(i.nrf_uart_event_check)
    i.nrf_uart_int_enable_check              0x0001e304   Section        0  nrf_drv_uart.o(i.nrf_uart_int_enable_check)
    nrf_uart_int_enable_check                0x0001e305   Thumb Code    16  nrf_drv_uart.o(i.nrf_uart_int_enable_check)
    i.nus_data_handler                       0x0001e314   Section        0  main.o(i.nus_data_handler)
    nus_data_handler                         0x0001e315   Thumb Code    18  main.o(i.nus_data_handler)
    i.on_adv_evt                             0x0001e33c   Section        0  main.o(i.on_adv_evt)
    on_adv_evt                               0x0001e33d   Thumb Code    12  main.o(i.on_adv_evt)
    i.on_ble_evt                             0x0001e348   Section        0  main.o(i.on_ble_evt)
    on_ble_evt                               0x0001e349   Thumb Code   238  main.o(i.on_ble_evt)
    i.on_conn_params_evt                     0x0001e440   Section        0  main.o(i.on_conn_params_evt)
    on_conn_params_evt                       0x0001e441   Thumb Code    26  main.o(i.on_conn_params_evt)
    i.pin_in_use_by_port                     0x0001e460   Section        0  nrf_drv_gpiote.o(i.pin_in_use_by_port)
    pin_in_use_by_port                       0x0001e461   Thumb Code    20  nrf_drv_gpiote.o(i.pin_in_use_by_port)
    i.pin_in_use_by_te                       0x0001e478   Section        0  nrf_drv_gpiote.o(i.pin_in_use_by_te)
    pin_in_use_by_te                         0x0001e479   Thumb Code    20  nrf_drv_gpiote.o(i.pin_in_use_by_te)
    i.ram_end_address_get                    0x0001e490   Section        0  softdevice_handler.o(i.ram_end_address_get)
    ram_end_address_get                      0x0001e491   Thumb Code    16  softdevice_handler.o(i.ram_end_address_get)
    i.rtc1_stop                              0x0001e4a0   Section        0  app_timer.o(i.rtc1_stop)
    rtc1_stop                                0x0001e4a1   Thumb Code    50  app_timer.o(i.rtc1_stop)
    i.rx_byte                                0x0001e4e4   Section        0  nrf_drv_uart.o(i.rx_byte)
    rx_byte                                  0x0001e4e5   Thumb Code    38  nrf_drv_uart.o(i.rx_byte)
    i.rx_char_add                            0x0001e50a   Section        0  ble_nus.o(i.rx_char_add)
    rx_char_add                              0x0001e50b   Thumb Code   158  ble_nus.o(i.rx_char_add)
    i.rx_done_event                          0x0001e5a8   Section        0  nrf_drv_uart.o(i.rx_done_event)
    rx_done_event                            0x0001e5a9   Thumb Code    20  nrf_drv_uart.o(i.rx_done_event)
    i.sd_nvic_EnableIRQ                      0x0001e5bc   Section        0  softdevice_handler.o(i.sd_nvic_EnableIRQ)
    sd_nvic_EnableIRQ                        0x0001e5bd   Thumb Code   112  softdevice_handler.o(i.sd_nvic_EnableIRQ)
    i.serial_is_busy                         0x0001e640   Section        0  nrf_log_backend_serial.o(i.serial_is_busy)
    serial_is_busy                           0x0001e641   Thumb Code    10  nrf_log_backend_serial.o(i.serial_is_busy)
    i.serial_tx                              0x0001e650   Section        0  nrf_log_backend_serial.o(i.serial_tx)
    serial_tx                                0x0001e651   Thumb Code    36  nrf_log_backend_serial.o(i.serial_tx)
    i.service_data_encode                    0x0001e67c   Section        0  ble_advdata.o(i.service_data_encode)
    service_data_encode                      0x0001e67d   Thumb Code   142  ble_advdata.o(i.service_data_encode)
    i.set_adv_mode_fast                      0x0001e70c   Section        0  ble_advertising.o(i.set_adv_mode_fast)
    set_adv_mode_fast                        0x0001e70d   Thumb Code    80  ble_advertising.o(i.set_adv_mode_fast)
    i.set_adv_mode_slow                      0x0001e764   Section        0  ble_advertising.o(i.set_adv_mode_slow)
    set_adv_mode_slow                        0x0001e765   Thumb Code    76  ble_advertising.o(i.set_adv_mode_slow)
    i.sleep_mode_enter                       0x0001e7b8   Section        0  main.o(i.sleep_mode_enter)
    sleep_mode_enter                         0x0001e7b9   Thumb Code    40  main.o(i.sleep_mode_enter)
    i.softdevice_ble_evt_handler_set         0x0001e7e0   Section        0  softdevice_handler.o(i.softdevice_ble_evt_handler_set)
    i.softdevice_enable                      0x0001e7f4   Section        0  softdevice_handler.o(i.softdevice_enable)
    i.softdevice_enable_get_default_config   0x0001e898   Section        0  softdevice_handler.o(i.softdevice_enable_get_default_config)
    i.softdevice_fault_handler               0x0001e8c0   Section        0  softdevice_handler.o(i.softdevice_fault_handler)
    i.softdevice_handler_init                0x0001e8c8   Section        0  softdevice_handler.o(i.softdevice_handler_init)
    i.softdevice_handler_is_enabled          0x0001e920   Section        0  softdevice_handler.o(i.softdevice_handler_is_enabled)
    i.timer_list_handler                     0x0001e92c   Section        0  app_timer.o(i.timer_list_handler)
    timer_list_handler                       0x0001e92d   Thumb Code   128  app_timer.o(i.timer_list_handler)
    i.timer_list_handler_sched               0x0001e9b0   Section        0  app_timer.o(i.timer_list_handler_sched)
    timer_list_handler_sched                 0x0001e9b1   Thumb Code    10  app_timer.o(i.timer_list_handler_sched)
    i.timer_list_insert                      0x0001e9c0   Section        0  app_timer.o(i.timer_list_insert)
    timer_list_insert                        0x0001e9c1   Thumb Code    60  app_timer.o(i.timer_list_insert)
    i.timer_stop_op_schedule                 0x0001ea00   Section        0  app_timer.o(i.timer_stop_op_schedule)
    timer_stop_op_schedule                   0x0001ea01   Thumb Code    68  app_timer.o(i.timer_stop_op_schedule)
    i.timer_timeouts_check                   0x0001ea48   Section        0  app_timer.o(i.timer_timeouts_check)
    timer_timeouts_check                     0x0001ea49   Thumb Code   118  app_timer.o(i.timer_timeouts_check)
    i.timestamp_process                      0x0001eac8   Section        0  nrf_log_backend_serial.o(i.timestamp_process)
    timestamp_process                        0x0001eac9   Thumb Code    42  nrf_log_backend_serial.o(i.timestamp_process)
    i.tx_byte                                0x0001eafc   Section        0  nrf_drv_uart.o(i.tx_byte)
    tx_byte                                  0x0001eafd   Thumb Code    30  nrf_drv_uart.o(i.tx_byte)
    i.tx_char_add                            0x0001eb1a   Section        0  ble_nus.o(i.tx_char_add)
    tx_char_add                              0x0001eb1b   Thumb Code   128  ble_nus.o(i.tx_char_add)
    i.tx_done_event                          0x0001eb9a   Section        0  nrf_drv_uart.o(i.tx_done_event)
    tx_done_event                            0x0001eb9b   Thumb Code    24  nrf_drv_uart.o(i.tx_done_event)
    i.uart_event_handler                     0x0001ebb4   Section        0  nrf_log_backend_serial.o(i.uart_event_handler)
    uart_event_handler                       0x0001ebb5   Thumb Code    12  nrf_log_backend_serial.o(i.uart_event_handler)
    i.uart_irq_handler                       0x0001ebc4   Section        0  nrf_drv_uart.o(i.uart_irq_handler)
    uart_irq_handler                         0x0001ebc5   Thumb Code   296  nrf_drv_uart.o(i.uart_irq_handler)
    i.uint16_encode                          0x0001ecec   Section        0  ble_advdata.o(i.uint16_encode)
    uint16_encode                            0x0001eced   Thumb Code    10  ble_advdata.o(i.uint16_encode)
    i.update_timeout_handler                 0x0001ecf8   Section        0  ble_conn_params.o(i.update_timeout_handler)
    update_timeout_handler                   0x0001ecf9   Thumb Code    86  ble_conn_params.o(i.update_timeout_handler)
    i.user_op_alloc                          0x0001ed5c   Section        0  app_timer.o(i.user_op_alloc)
    user_op_alloc                            0x0001ed5d   Thumb Code    40  app_timer.o(i.user_op_alloc)
    i.user_timer_handler                     0x0001ed88   Section        0  main.o(i.user_timer_handler)
    i.uuid_list_encode                       0x0001edc8   Section        0  ble_advdata.o(i.uuid_list_encode)
    uuid_list_encode                         0x0001edc9   Thumb Code    48  ble_advdata.o(i.uuid_list_encode)
    i.uuid_list_sized_encode                 0x0001edf8   Section        0  ble_advdata.o(i.uuid_list_sized_encode)
    uuid_list_sized_encode                   0x0001edf9   Thumb Code   174  ble_advdata.o(i.uuid_list_sized_encode)
    i.whitelist_has_entries                  0x0001eea8   Section        0  ble_advertising.o(i.whitelist_has_entries)
    whitelist_has_entries                    0x0001eea9   Thumb Code    18  ble_advertising.o(i.whitelist_has_entries)
    .constdata                               0x0001eec0   Section       32  main.o(.constdata)
    m_user_timer_id                          0x0001eec0   Data           4  main.o(.constdata)
    .constdata                               0x0001eee0   Section        8  boards.o(.constdata)
    m_board_led_list                         0x0001eee0   Data           4  boards.o(.constdata)
    m_board_btn_list                         0x0001eee4   Data           4  boards.o(.constdata)
    .constdata                               0x0001eee8   Section       44  bsp.o(.constdata)
    m_leds_timer_id                          0x0001eee8   Data           4  bsp.o(.constdata)
    m_alert_timer_id                         0x0001eeec   Data           4  bsp.o(.constdata)
    m_button_timer_id                        0x0001eef0   Data           4  bsp.o(.constdata)
    app_buttons                              0x0001eef4   Data          32  bsp.o(.constdata)
    .constdata                               0x0001ef14   Section        4  ble_conn_params.o(.constdata)
    m_conn_params_timer_id                   0x0001ef14   Data           4  ble_conn_params.o(.constdata)
    .constdata                               0x0001ef18   Section       16  ble_nus.o(.constdata)
    .constdata                               0x0001ef28   Section        4  nrf_drv_gpiote.o(.constdata)
    .constdata                               0x0001ef2c   Section        1  nrf_drv_adc.o(.constdata)
    m_default_config                         0x0001ef2c   Data           1  nrf_drv_adc.o(.constdata)
    .constdata                               0x0001ef30   Section        8  app_button.o(.constdata)
    m_detection_delay_timer_id               0x0001ef30   Data           4  app_button.o(.constdata)
    .constdata                               0x0001ef38   Section       32  nrf_log_backend_serial.o(.constdata)
    .constdata                               0x0001ef58   Section     1932  user_adc.o(.constdata)
    .constdata                               0x0001f6e4   Section      129  ctype_o.o(.constdata)
    .constdata                               0x0001f768   Section        4  ctype_o.o(.constdata)
    table                                    0x0001f768   Data           4  ctype_o.o(.constdata)
    .conststring                             0x0001f76c   Section       66  softdevice_handler.o(.conststring)
    .data                                    0x20001fe8   Section       20  main.o(.data)
    m_task_state                             0x20001fe8   Data           1  main.o(.data)
    index                                    0x20001fe9   Data           1  main.o(.data)
    old_task_state                           0x20001fea   Data           1  main.o(.data)
    m_conn_handle                            0x20001fec   Data           2  main.o(.data)
    m_adv_uuids                              0x20001fee   Data           4  main.o(.data)
    m_timer_counter                          0x20001ff4   Data           4  main.o(.data)
    m_average_temp                           0x20001ff8   Data           4  main.o(.data)
    .data                                    0x20001ffc   Section       20  bsp.o(.data)
    m_stable_state                           0x20001ffc   Data           1  bsp.o(.data)
    m_leds_clear                             0x20001ffd   Data           1  bsp.o(.data)
    current_long_push_pin_no                 0x20001ffe   Data           1  bsp.o(.data)
    m_app_ticks_per_100ms                    0x20002000   Data           4  bsp.o(.data)
    m_indication_type                        0x20002004   Data           4  bsp.o(.data)
    m_registered_callback                    0x20002008   Data           4  bsp.o(.data)
    release_event_at_push                    0x2000200c   Data           4  bsp.o(.data)
    .data                                    0x20002010   Section        8  bsp_btn_ble.o(.data)
    m_error_handler                          0x20002010   Data           4  bsp_btn_ble.o(.data)
    m_num_connections                        0x20002014   Data           4  bsp_btn_ble.o(.data)
    .data                                    0x20002018   Section       48  ble_advertising.o(.data)
    m_initialized                            0x20002018   Data           1  ble_advertising.o(.data)
    m_advertising_start_pending              0x20002019   Data           1  ble_advertising.o(.data)
    m_adv_evt                                0x2000201a   Data           1  ble_advertising.o(.data)
    m_adv_mode_current                       0x2000201b   Data           1  ble_advertising.o(.data)
    m_peer_addr_reply_expected               0x2000201c   Data           1  ble_advertising.o(.data)
    m_whitelist_temporarily_disabled         0x2000201d   Data           1  ble_advertising.o(.data)
    m_whitelist_reply_expected               0x2000201e   Data           1  ble_advertising.o(.data)
    m_current_slave_link_conn_handle         0x20002020   Data           2  ble_advertising.o(.data)
    m_slave_conn_int                         0x20002022   Data           4  ble_advertising.o(.data)
    m_evt_handler                            0x20002028   Data           4  ble_advertising.o(.data)
    m_error_handler                          0x2000202c   Data           4  ble_advertising.o(.data)
    m_peer_address                           0x20002030   Data           7  ble_advertising.o(.data)
    m_whitelist                              0x20002038   Data          16  ble_advertising.o(.data)
    .data                                    0x20002048   Section       20  ble_conn_params.o(.data)
    m_change_param                           0x20002048   Data           1  ble_conn_params.o(.data)
    m_update_count                           0x20002049   Data           1  ble_conn_params.o(.data)
    m_conn_handle                            0x2000204a   Data           2  ble_conn_params.o(.data)
    m_preferred_conn_params                  0x2000204c   Data           8  ble_conn_params.o(.data)
    m_current_conn_params                    0x20002054   Data           8  ble_conn_params.o(.data)
    .data                                    0x2000205c   Section       20  app_button.o(.data)
    m_button_count                           0x2000205c   Data           1  app_button.o(.data)
    mp_buttons                               0x20002060   Data           4  app_button.o(.data)
    m_detection_delay                        0x20002064   Data           4  app_button.o(.data)
    m_pin_state                              0x20002068   Data           4  app_button.o(.data)
    m_pin_transition                         0x2000206c   Data           4  app_button.o(.data)
    .data                                    0x20002070   Section       32  app_timer.o(.data)
    m_ticks_elapsed_q_read_ind               0x20002070   Data           1  app_timer.o(.data)
    m_ticks_elapsed_q_write_ind              0x20002071   Data           1  app_timer.o(.data)
    m_rtc1_running                           0x20002072   Data           1  app_timer.o(.data)
    m_rtc1_reset                             0x20002073   Data           1  app_timer.o(.data)
    mp_timer_id_head                         0x20002074   Data           4  app_timer.o(.data)
    m_ticks_latest                           0x20002078   Data           4  app_timer.o(.data)
    m_evt_schedule_func                      0x2000207c   Data           4  app_timer.o(.data)
    m_op_queue                               0x20002080   Data           8  app_timer.o(.data)
    m_ticks_elapsed                          0x20002088   Data           8  app_timer.o(.data)
    .data                                    0x20002090   Section       12  app_util_platform.o(.data)
    m_in_critical_region                     0x20002090   Data           4  app_util_platform.o(.data)
    .data                                    0x2000209c   Section       12  nrf_log_backend_serial.o(.data)
    m_initialized                            0x2000209c   Data           1  nrf_log_backend_serial.o(.data)
    m_blocking_mode                          0x2000209d   Data           1  nrf_log_backend_serial.o(.data)
    m_rx_done                                0x2000209e   Data           1  nrf_log_backend_serial.o(.data)
    m_uart                                   0x200020a0   Data           8  nrf_log_backend_serial.o(.data)
    .data                                    0x200020a8   Section       20  softdevice_handler.o(.data)
    m_softdevice_enabled                     0x200020a8   Data           1  softdevice_handler.o(.data)
    m_suspended                              0x200020a9   Data           1  softdevice_handler.o(.data)
    m_ble_evt_buffer_size                    0x200020aa   Data           2  softdevice_handler.o(.data)
    m_evt_schedule_func                      0x200020ac   Data           4  softdevice_handler.o(.data)
    mp_ble_evt_buffer                        0x200020b0   Data           4  softdevice_handler.o(.data)
    m_ble_evt_handler                        0x200020b4   Data           4  softdevice_handler.o(.data)
    m_sys_evt_handler                        0x200020b8   Data           4  softdevice_handler.o(.data)
    .data                                    0x200020bc   Section       12  user_adc.o(.data)
    m_adc_buffer                             0x200020bc   Data           2  user_adc.o(.data)
    m_channel_config                         0x200020c0   Data           8  user_adc.o(.data)
    .data                                    0x200020c8   Section        4  system_nrf51.o(.data)
    __tagsym$$used                           0x200020c8   Number         0  system_nrf51.o(.data)
    .bss                                     0x200020cc   Section       32  main.o(.bss)
    m_user_timer_id_data                     0x200020cc   Data          32  main.o(.bss)
    .bss                                     0x200020ec   Section      852  main.o(.bss)
    BLE_EVT_BUFFER                           0x200020ec   Data          72  main.o(.bss)
    data_array                               0x20002134   Data          20  main.o(.bss)
    rx_buf                                   0x20002148   Data         256  main.o(.bss)
    tx_buf                                   0x20002248   Data         256  main.o(.bss)
    APP_TIMER_BUF                            0x20002348   Data         120  main.o(.bss)
    m_nus                                    0x200023c0   Data          28  main.o(.bss)
    .bss                                     0x20002440   Section       32  bsp.o(.bss)
    m_leds_timer_id_data                     0x20002440   Data          32  bsp.o(.bss)
    .bss                                     0x20002460   Section       32  bsp.o(.bss)
    m_alert_timer_id_data                    0x20002460   Data          32  bsp.o(.bss)
    .bss                                     0x20002480   Section       12  bsp.o(.bss)
    m_events_list                            0x20002480   Data          12  bsp.o(.bss)
    .bss                                     0x2000248c   Section       32  bsp.o(.bss)
    m_button_timer_id_data                   0x2000248c   Data          32  bsp.o(.bss)
    .bss                                     0x200024ac   Section      363  ble_advertising.o(.bss)
    m_adv_modes_config                       0x200024ac   Data          32  ble_advertising.o(.bss)
    m_advdata                                0x200024cc   Data          60  ble_advertising.o(.bss)
    m_manuf_specific_data                    0x20002508   Data          12  ble_advertising.o(.bss)
    m_manuf_data_array                       0x20002514   Data          31  ble_advertising.o(.bss)
    m_service_data                           0x20002534   Data          12  ble_advertising.o(.bss)
    m_service_data_array                     0x20002540   Data          31  ble_advertising.o(.bss)
    m_whitelist_addrs                        0x2000255f   Data          56  ble_advertising.o(.bss)
    m_whitelist_irks                         0x20002597   Data         128  ble_advertising.o(.bss)
    .bss                                     0x20002618   Section       32  ble_advertising.o(.bss)
    m_p_whitelist_addrs                      0x20002618   Data          32  ble_advertising.o(.bss)
    .bss                                     0x20002638   Section       32  ble_advertising.o(.bss)
    m_p_whitelist_irks                       0x20002638   Data          32  ble_advertising.o(.bss)
    .bss                                     0x20002658   Section       32  ble_conn_params.o(.bss)
    m_conn_params_timer_id_data              0x20002658   Data          32  ble_conn_params.o(.bss)
    .bss                                     0x20002678   Section       28  ble_conn_params.o(.bss)
    m_conn_params_config                     0x20002678   Data          28  ble_conn_params.o(.bss)
    .bss                                     0x20002694   Section       20  nrf_drv_clock.o(.bss)
    m_clock_cb                               0x20002694   Data          20  nrf_drv_clock.o(.bss)
    .bss                                     0x200026a8   Section       72  nrf_drv_gpiote.o(.bss)
    m_cb                                     0x200026a8   Data          72  nrf_drv_gpiote.o(.bss)
    .bss                                     0x200026f0   Section       28  nrf_drv_uart.o(.bss)
    m_cb                                     0x200026f0   Data          28  nrf_drv_uart.o(.bss)
    .bss                                     0x2000270c   Section       20  nrf_drv_adc.o(.bss)
    m_cb                                     0x2000270c   Data          20  nrf_drv_adc.o(.bss)
    .bss                                     0x20002720   Section       32  app_button.o(.bss)
    m_detection_delay_timer_id_data          0x20002720   Data          32  app_button.o(.bss)
    .bss                                     0x20002740   Section      104  fstorage.o(.bss)
    m_queue                                  0x20002740   Data         104  fstorage.o(.bss)
    .bss                                     0x200027a8   Section      256  nrf_log_backend_serial.o(.bss)
    m_uart_buffer                            0x200027a8   Data         256  nrf_log_backend_serial.o(.bss)
    .bss                                     0x200028a8   Section       28  nrf_log_frontend.o(.bss)
    m_log_data                               0x200028a8   Data          28  nrf_log_frontend.o(.bss)
    STACK                                    0x200028c8   Section     2048  arm_startup_nrf51.o(STACK)

    Global Symbols

    Symbol Name                              Value     Ov Type        Size  Object(Section)

    BuildAttributes$$THM_ISAv3M$S$PE$A:L22$X:L11$S22$IEEE1$IW$USESV6$~STKCKD$USESV7$~SHL$OSPACE$ROPI$EBA8$MICROLIB$REQ8$PRES8$EABIv2 0x00000000   Number         0  anon$$obj.o ABSOLUTE
    __ARM_use_no_argv                        0x00000000   Number         0  main.o ABSOLUTE
    _printf_a                                0x00000000   Number         0  stubs.o ABSOLUTE
    _printf_c                                0x00000000   Number         0  stubs.o ABSOLUTE
    _printf_charcount                        0x00000000   Number         0  stubs.o ABSOLUTE
    _printf_d                                0x00000000   Number         0  stubs.o ABSOLUTE
    _printf_e                                0x00000000   Number         0  stubs.o ABSOLUTE
    _printf_f                                0x00000000   Number         0  stubs.o ABSOLUTE
    _printf_flags                            0x00000000   Number         0  stubs.o ABSOLUTE
    _printf_fp_dec                           0x00000000   Number         0  stubs.o ABSOLUTE
    _printf_fp_hex                           0x00000000   Number         0  stubs.o ABSOLUTE
    _printf_g                                0x00000000   Number         0  stubs.o ABSOLUTE
    _printf_i                                0x00000000   Number         0  stubs.o ABSOLUTE
    _printf_int_dec                          0x00000000   Number         0  stubs.o ABSOLUTE
    _printf_l                                0x00000000   Number         0  stubs.o ABSOLUTE
    _printf_lc                               0x00000000   Number         0  stubs.o ABSOLUTE
    _printf_ll                               0x00000000   Number         0  stubs.o ABSOLUTE
    _printf_lld                              0x00000000   Number         0  stubs.o ABSOLUTE
    _printf_lli                              0x00000000   Number         0  stubs.o ABSOLUTE
    _printf_llo                              0x00000000   Number         0  stubs.o ABSOLUTE
    _printf_llu                              0x00000000   Number         0  stubs.o ABSOLUTE
    _printf_llx                              0x00000000   Number         0  stubs.o ABSOLUTE
    _printf_longlong_dec                     0x00000000   Number         0  stubs.o ABSOLUTE
    _printf_longlong_hex                     0x00000000   Number         0  stubs.o ABSOLUTE
    _printf_longlong_oct                     0x00000000   Number         0  stubs.o ABSOLUTE
    _printf_ls                               0x00000000   Number         0  stubs.o ABSOLUTE
    _printf_mbtowc                           0x00000000   Number         0  stubs.o ABSOLUTE
    _printf_n                                0x00000000   Number         0  stubs.o ABSOLUTE
    _printf_o                                0x00000000   Number         0  stubs.o ABSOLUTE
    _printf_p                                0x00000000   Number         0  stubs.o ABSOLUTE
    _printf_percent                          0x00000000   Number         0  stubs.o ABSOLUTE
    _printf_pre_padding                      0x00000000   Number         0  stubs.o ABSOLUTE
    _printf_return_value                     0x00000000   Number         0  stubs.o ABSOLUTE
    _printf_s                                0x00000000   Number         0  stubs.o ABSOLUTE
    _printf_sizespec                         0x00000000   Number         0  stubs.o ABSOLUTE
    _printf_str                              0x00000000   Number         0  stubs.o ABSOLUTE
    _printf_truncate_signed                  0x00000000   Number         0  stubs.o ABSOLUTE
    _printf_truncate_unsigned                0x00000000   Number         0  stubs.o ABSOLUTE
    _printf_u                                0x00000000   Number         0  stubs.o ABSOLUTE
    _printf_wc                               0x00000000   Number         0  stubs.o ABSOLUTE
    _printf_wctomb                           0x00000000   Number         0  stubs.o ABSOLUTE
    _printf_widthprec                        0x00000000   Number         0  stubs.o ABSOLUTE
    _printf_x                                0x00000000   Number         0  stubs.o ABSOLUTE
    __cpp_initialize__aeabi_                  - Undefined Weak Reference
    __cxa_finalize                            - Undefined Weak Reference
    __decompress                              - Undefined Weak Reference
    _clock_init                               - Undefined Weak Reference
    _microlib_exit                            - Undefined Weak Reference
    fs_data$$Base                             - Undefined Reference
    fs_data$$Limit                            - Undefined Reference
    __Vectors_Size                           0x000000c0   Number         0  arm_startup_nrf51.o ABSOLUTE
    __Vectors                                0x0001b000   Data           4  arm_startup_nrf51.o(RESET)
    __Vectors_End                            0x0001b0c0   Data           0  arm_startup_nrf51.o(RESET)
    __main                                   0x0001b0c1   Thumb Code     0  entry.o(.ARM.Collect$$$$00000000)
    _main_stk                                0x0001b0c1   Thumb Code     0  entry2.o(.ARM.Collect$$$$00000001)
    _main_scatterload                        0x0001b0c5   Thumb Code     0  entry5.o(.ARM.Collect$$$$00000004)
    __main_after_scatterload                 0x0001b0c9   Thumb Code     0  entry5.o(.ARM.Collect$$$$00000004)
    _main_clock                              0x0001b0c9   Thumb Code     0  entry7b.o(.ARM.Collect$$$$00000008)
    _main_cpp_init                           0x0001b0c9   Thumb Code     0  entry8b.o(.ARM.Collect$$$$0000000A)
    _main_init                               0x0001b0c9   Thumb Code     0  entry9a.o(.ARM.Collect$$$$0000000B)
    __rt_final_cpp                           0x0001b0d1   Thumb Code     0  entry10a.o(.ARM.Collect$$$$0000000D)
    __rt_final_exit                          0x0001b0d1   Thumb Code     0  entry11a.o(.ARM.Collect$$$$0000000F)
    Reset_Handler                            0x0001b0d5   Thumb Code    26  arm_startup_nrf51.o(.text)
    NMI_Handler                              0x0001b0ef   Thumb Code     2  arm_startup_nrf51.o(.text)
    HardFault_Handler                        0x0001b0f1   Thumb Code     2  arm_startup_nrf51.o(.text)
    SVC_Handler                              0x0001b0f3   Thumb Code     2  arm_startup_nrf51.o(.text)
    PendSV_Handler                           0x0001b0f5   Thumb Code     2  arm_startup_nrf51.o(.text)
    SysTick_Handler                          0x0001b0f7   Thumb Code     2  arm_startup_nrf51.o(.text)
    CCM_AAR_IRQHandler                       0x0001b0f9   Thumb Code     0  arm_startup_nrf51.o(.text)
    ECB_IRQHandler                           0x0001b0f9   Thumb Code     0  arm_startup_nrf51.o(.text)
    LPCOMP_IRQHandler                        0x0001b0f9   Thumb Code     0  arm_startup_nrf51.o(.text)
    QDEC_IRQHandler                          0x0001b0f9   Thumb Code     0  arm_startup_nrf51.o(.text)
    RADIO_IRQHandler                         0x0001b0f9   Thumb Code     0  arm_startup_nrf51.o(.text)
    RNG_IRQHandler                           0x0001b0f9   Thumb Code     0  arm_startup_nrf51.o(.text)
    RTC0_IRQHandler                          0x0001b0f9   Thumb Code     0  arm_startup_nrf51.o(.text)
    SPI0_TWI0_IRQHandler                     0x0001b0f9   Thumb Code     0  arm_startup_nrf51.o(.text)
    SPI1_TWI1_IRQHandler                     0x0001b0f9   Thumb Code     0  arm_startup_nrf51.o(.text)
    SWI1_IRQHandler                          0x0001b0f9   Thumb Code     0  arm_startup_nrf51.o(.text)
    SWI3_IRQHandler                          0x0001b0f9   Thumb Code     0  arm_startup_nrf51.o(.text)
    SWI4_IRQHandler                          0x0001b0f9   Thumb Code     0  arm_startup_nrf51.o(.text)
    SWI5_IRQHandler                          0x0001b0f9   Thumb Code     0  arm_startup_nrf51.o(.text)
    TEMP_IRQHandler                          0x0001b0f9   Thumb Code     0  arm_startup_nrf51.o(.text)
    TIMER0_IRQHandler                        0x0001b0f9   Thumb Code     0  arm_startup_nrf51.o(.text)
    TIMER1_IRQHandler                        0x0001b0f9   Thumb Code     0  arm_startup_nrf51.o(.text)
    TIMER2_IRQHandler                        0x0001b0f9   Thumb Code     0  arm_startup_nrf51.o(.text)
    WDT_IRQHandler                           0x0001b0f9   Thumb Code     0  arm_startup_nrf51.o(.text)
    __aeabi_uidiv                            0x0001b10d   Thumb Code     0  uidiv.o(.text)
    __aeabi_uidivmod                         0x0001b10d   Thumb Code    44  uidiv.o(.text)
    __aeabi_idiv                             0x0001b139   Thumb Code     0  idiv.o(.text)
    __aeabi_idivmod                          0x0001b139   Thumb Code    40  idiv.o(.text)
    __rt_ctype_table                         0x0001b161   Thumb Code     4  ctype_o.o(.text)
    __aeabi_memcpy                           0x0001b169   Thumb Code    36  memcpya.o(.text)
    __aeabi_memcpy4                          0x0001b169   Thumb Code     0  memcpya.o(.text)
    __aeabi_memcpy8                          0x0001b169   Thumb Code     0  memcpya.o(.text)
    __aeabi_memset                           0x0001b18d   Thumb Code    14  memseta.o(.text)
    __aeabi_memset4                          0x0001b18d   Thumb Code     0  memseta.o(.text)
    __aeabi_memset8                          0x0001b18d   Thumb Code     0  memseta.o(.text)
    __aeabi_memclr                           0x0001b19b   Thumb Code     4  memseta.o(.text)
    __aeabi_memclr4                          0x0001b19b   Thumb Code     0  memseta.o(.text)
    __aeabi_memclr8                          0x0001b19b   Thumb Code     0  memseta.o(.text)
    _memset$wrapper                          0x0001b19f   Thumb Code    18  memseta.o(.text)
    strlen                                   0x0001b1b1   Thumb Code    14  strlen.o(.text)
    __aeabi_uldivmod                         0x0001b1bf   Thumb Code    96  uldiv.o(.text)
    __scatterload                            0x0001b221   Thumb Code    28  init.o(.text)
    __scatterload_rt2                        0x0001b221   Thumb Code     0  init.o(.text)
    __aeabi_llsl                             0x0001b245   Thumb Code    32  llshl.o(.text)
    _ll_shift_l                              0x0001b245   Thumb Code     0  llshl.o(.text)
    __aeabi_llsr                             0x0001b265   Thumb Code    34  llushr.o(.text)
    _ll_ushift_r                             0x0001b265   Thumb Code     0  llushr.o(.text)
    ADC_IRQHandler                           0x0001b289   Thumb Code    78  nrf_drv_adc.o(i.ADC_IRQHandler)
    BLE_WriteBuffer                          0x0001b2e9   Thumb Code    40  main.o(i.BLE_WriteBuffer)
    GPIOTE_IRQHandler                        0x0001b315   Thumb Code   364  nrf_drv_gpiote.o(i.GPIOTE_IRQHandler)
    POWER_CLOCK_IRQHandler                   0x0001b7e1   Thumb Code    70  nrf_drv_clock.o(i.POWER_CLOCK_IRQHandler)
    RTC1_IRQHandler                          0x0001b835   Thumb Code    28  app_timer.o(i.RTC1_IRQHandler)
    SWI0_IRQHandler                          0x0001b855   Thumb Code     8  app_timer.o(i.SWI0_IRQHandler)
    SWI2_IRQHandler                          0x0001b85d   Thumb Code    28  softdevice_handler.o(i.SWI2_IRQHandler)
    SystemInit                               0x0001b87d   Thumb Code   130  system_nrf51.o(i.SystemInit)
    Thermistor_GetValue                      0x0001b91d   Thumb Code   170  user_adc.o(i.Thermistor_GetValue)
    UART0_IRQHandler                         0x0001ba19   Thumb Code    12  nrf_drv_uart.o(i.UART0_IRQHandler)
    __0snprintf$8                            0x0001bad1   Thumb Code    46  printf8.o(i.__0snprintf$8)
    __1snprintf$8                            0x0001bad1   Thumb Code     0  printf8.o(i.__0snprintf$8)
    __2snprintf                              0x0001bad1   Thumb Code     0  printf8.o(i.__0snprintf$8)
    __0sprintf$8                             0x0001bb05   Thumb Code    36  printf8.o(i.__0sprintf$8)
    __1sprintf$8                             0x0001bb05   Thumb Code     0  printf8.o(i.__0sprintf$8)
    __2sprintf                               0x0001bb05   Thumb Code     0  printf8.o(i.__0sprintf$8)
    __ARM_common_switch8                     0x0001bb2d   Thumb Code    26  bsp.o(i.__ARM_common_switch8)
    __scatterload_copy                       0x0001bb47   Thumb Code    14  handlers.o(i.__scatterload_copy)
    __scatterload_null                       0x0001bb55   Thumb Code     2  handlers.o(i.__scatterload_null)
    __scatterload_zeroinit                   0x0001bb57   Thumb Code    14  handlers.o(i.__scatterload_zeroinit)
    adv_data_encode                          0x0001c0a5   Thumb Code   398  ble_advdata.o(i.adv_data_encode)
    app_button_enable                        0x0001c2e5   Thumb Code    32  app_button.o(i.app_button_enable)
    app_button_init                          0x0001c309   Thumb Code   100  app_button.o(i.app_button_init)
    app_error_fault_handler                  0x0001c37d   Thumb Code    26  app_error_weak.o(i.app_error_fault_handler)
    app_error_handler_bare                   0x0001c3b9   Thumb Code    20  app_error.o(i.app_error_handler_bare)
    app_timer_create                         0x0001c3d1   Thumb Code    44  app_timer.o(i.app_timer_create)
    app_timer_init                           0x0001c401   Thumb Code    98  app_timer.o(i.app_timer_init)
    app_timer_start                          0x0001c475   Thumb Code   128  app_timer.o(i.app_timer_start)
    app_timer_stop                           0x0001c4fd   Thumb Code    36  app_timer.o(i.app_timer_stop)
    app_util_critical_region_enter           0x0001c525   Thumb Code    48  app_util_platform.o(i.app_util_critical_region_enter)
    app_util_critical_region_exit            0x0001c561   Thumb Code    36  app_util_platform.o(i.app_util_critical_region_exit)
    ble_advdata_set                          0x0001c611   Thumb Code   104  ble_advdata.o(i.ble_advdata_set)
    ble_advertising_init                     0x0001c679   Thumb Code   340  ble_advertising.o(i.ble_advertising_init)
    ble_advertising_on_ble_evt               0x0001c7d5   Thumb Code    82  ble_advertising.o(i.ble_advertising_on_ble_evt)
    ble_advertising_restart_without_whitelist 0x0001c82d   Thumb Code    50  ble_advertising.o(i.ble_advertising_restart_without_whitelist)
    ble_advertising_start                    0x0001c869   Thumb Code   256  ble_advertising.o(i.ble_advertising_start)
    ble_conn_params_init                     0x0001c971   Thumb Code    68  ble_conn_params.o(i.ble_conn_params_init)
    ble_conn_params_on_ble_evt               0x0001c9c5   Thumb Code   130  ble_conn_params.o(i.ble_conn_params_on_ble_evt)
    ble_nus_init                             0x0001cadd   Thumb Code    98  ble_nus.o(i.ble_nus_init)
    ble_nus_on_ble_evt                       0x0001cb45   Thumb Code    92  ble_nus.o(i.ble_nus_on_ble_evt)
    ble_nus_string_send                      0x0001cba1   Thumb Code    78  ble_nus.o(i.ble_nus_string_send)
    ble_srv_is_notification_enabled          0x0001cbf5   Thumb Code    14  ble_srv_common.o(i.ble_srv_is_notification_enabled)
    bsp_board_button_idx_to_pin              0x0001cc05   Thumb Code     6  boards.o(i.bsp_board_button_idx_to_pin)
    bsp_board_button_state_get               0x0001cc11   Thumb Code    24  boards.o(i.bsp_board_button_state_get)
    bsp_board_led_invert                     0x0001cc31   Thumb Code    24  boards.o(i.bsp_board_led_invert)
    bsp_board_led_off                        0x0001cc51   Thumb Code    14  boards.o(i.bsp_board_led_off)
    bsp_board_led_on                         0x0001cc65   Thumb Code    14  boards.o(i.bsp_board_led_on)
    bsp_board_led_state_get                  0x0001cc79   Thumb Code    24  boards.o(i.bsp_board_led_state_get)
    bsp_board_leds_init                      0x0001cc99   Thumb Code    36  boards.o(i.bsp_board_leds_init)
    bsp_board_leds_off                       0x0001ccc1   Thumb Code    18  boards.o(i.bsp_board_leds_off)
    bsp_board_leds_on                        0x0001ccd3   Thumb Code    18  boards.o(i.bsp_board_leds_on)
    bsp_board_pin_to_button_idx              0x0001cce5   Thumb Code    30  boards.o(i.bsp_board_pin_to_button_idx)
    bsp_btn_ble_init                         0x0001cd09   Thumb Code    58  bsp_btn_ble.o(i.bsp_btn_ble_init)
    bsp_btn_ble_on_ble_evt                   0x0001cd49   Thumb Code   114  bsp_btn_ble.o(i.bsp_btn_ble_on_ble_evt)
    bsp_btn_ble_sleep_mode_prepare           0x0001cdc1   Thumb Code    34  bsp_btn_ble.o(i.bsp_btn_ble_sleep_mode_prepare)
    bsp_button_is_pressed                    0x0001ce79   Thumb Code     8  bsp.o(i.bsp_button_is_pressed)
    bsp_event_handler                        0x0001ce81   Thumb Code    78  main.o(i.bsp_event_handler)
    bsp_event_to_button_action_assign        0x0001cef1   Thumb Code    66  bsp.o(i.bsp_event_to_button_action_assign)
    bsp_indication_set                       0x0001cf39   Thumb Code    22  bsp.o(i.bsp_indication_set)
    bsp_init                                 0x0001cf55   Thumb Code   132  bsp.o(i.bsp_init)
    bsp_wakeup_button_enable                 0x0001d16d   Thumb Code    16  bsp.o(i.bsp_wakeup_button_enable)
    fs_queued_op_count_get                   0x0001d479   Thumb Code    18  fstorage.o(i.fs_queued_op_count_get)
    intern_softdevice_events_execute         0x0001d4e1   Thumb Code   122  softdevice_handler.o(i.intern_softdevice_events_execute)
    main                                     0x0001d745   Thumb Code     8  main.o(i.main)
    nrf_drv_adc_buffer_convert               0x0001d8b9   Thumb Code    84  nrf_drv_adc.o(i.nrf_drv_adc_buffer_convert)
    nrf_drv_adc_channel_disable              0x0001d91d   Thumb Code    30  nrf_drv_adc.o(i.nrf_drv_adc_channel_disable)
    nrf_drv_adc_channel_enable               0x0001d941   Thumb Code    28  nrf_drv_adc.o(i.nrf_drv_adc_channel_enable)
    nrf_drv_adc_init                         0x0001d961   Thumb Code    50  nrf_drv_adc.o(i.nrf_drv_adc_init)
    nrf_drv_adc_sample                       0x0001d9a1   Thumb Code     8  nrf_drv_adc.o(i.nrf_drv_adc_sample)
    nrf_drv_adc_uninit                       0x0001d9ad   Thumb Code    28  nrf_drv_adc.o(i.nrf_drv_adc_uninit)
    nrf_drv_clock_init                       0x0001d9d9   Thumb Code    60  nrf_drv_clock.o(i.nrf_drv_clock_init)
    nrf_drv_clock_on_sd_enable               0x0001da21   Thumb Code    46  nrf_drv_clock.o(i.nrf_drv_clock_on_sd_enable)
    nrf_drv_clock_on_soc_event               0x0001da55   Thumb Code    12  nrf_drv_clock.o(i.nrf_drv_clock_on_soc_event)
    nrf_drv_common_irq_enable                0x0001da61   Thumb Code    78  nrf_drv_common.o(i.nrf_drv_common_irq_enable)
    nrf_drv_gpiote_in_event_enable           0x0001dac1   Thumb Code   136  nrf_drv_gpiote.o(i.nrf_drv_gpiote_in_event_enable)
    nrf_drv_gpiote_in_init                   0x0001db59   Thumb Code   154  nrf_drv_gpiote.o(i.nrf_drv_gpiote_in_init)
    nrf_drv_gpiote_in_is_set                 0x0001dc01   Thumb Code    16  nrf_drv_gpiote.o(i.nrf_drv_gpiote_in_is_set)
    nrf_drv_gpiote_init                      0x0001dc15   Thumb Code    84  nrf_drv_gpiote.o(i.nrf_drv_gpiote_init)
    nrf_drv_gpiote_is_init                   0x0001dc71   Thumb Code    12  nrf_drv_gpiote.o(i.nrf_drv_gpiote_is_init)
    nrf_drv_uart_init                        0x0001dc81   Thumb Code   118  nrf_drv_uart.o(i.nrf_drv_uart_init)
    nrf_drv_uart_tx                          0x0001dd01   Thumb Code    46  nrf_drv_uart.o(i.nrf_drv_uart_tx)
    nrf_drv_uart_tx_in_progress              0x0001ddc1   Thumb Code    20  nrf_drv_uart.o(i.nrf_drv_uart_tx_in_progress)
    nrf_drv_uart_uninit                      0x0001ddd9   Thumb Code   140  nrf_drv_uart.o(i.nrf_drv_uart_uninit)
    nrf_log_backend_hexdump_handler_get      0x0001dfc9   Thumb Code     4  nrf_log_backend_serial.o(i.nrf_log_backend_hexdump_handler_get)
    nrf_log_backend_init                     0x0001dfd1   Thumb Code   102  nrf_log_backend_serial.o(i.nrf_log_backend_init)
    nrf_log_backend_std_handler_get          0x0001e281   Thumb Code     4  nrf_log_backend_serial.o(i.nrf_log_backend_std_handler_get)
    nrf_log_frontend_std_0                   0x0001e2a1   Thumb Code    12  nrf_log_frontend.o(i.nrf_log_frontend_std_0)
    nrf_log_frontend_std_1                   0x0001e2ad   Thumb Code    14  nrf_log_frontend.o(i.nrf_log_frontend_std_1)
    nrf_log_frontend_std_2                   0x0001e2bb   Thumb Code    16  nrf_log_frontend.o(i.nrf_log_frontend_std_2)
    nrf_log_handlers_set                     0x0001e2cd   Thumb Code     8  nrf_log_frontend.o(i.nrf_log_handlers_set)
    nrf_log_init                             0x0001e2d9   Thumb Code    34  nrf_log_frontend.o(i.nrf_log_init)
    softdevice_ble_evt_handler_set           0x0001e7e1   Thumb Code    16  softdevice_handler.o(i.softdevice_ble_evt_handler_set)
    softdevice_enable                        0x0001e7f5   Thumb Code    62  softdevice_handler.o(i.softdevice_enable)
    softdevice_enable_get_default_config     0x0001e899   Thumb Code    40  softdevice_handler.o(i.softdevice_enable_get_default_config)
    softdevice_fault_handler                 0x0001e8c1   Thumb Code     8  softdevice_handler.o(i.softdevice_fault_handler)
    softdevice_handler_init                  0x0001e8c9   Thumb Code    74  softdevice_handler.o(i.softdevice_handler_init)
    softdevice_handler_is_enabled            0x0001e921   Thumb Code     6  softdevice_handler.o(i.softdevice_handler_is_enabled)
    user_timer_handler                       0x0001ed89   Thumb Code    56  main.o(i.user_timer_handler)
    c_thermistor_info_table                  0x0001ef5c   Data        1928  user_adc.o(.constdata)
    __ctype_table                            0x0001f6e4   Data         129  ctype_o.o(.constdata)
    Region$$Table$$Base                      0x0001f7b0   Number         0  anon$$obj.o(Region$$Table)
    Region$$Table$$Limit                     0x0001f7d0   Number         0  anon$$obj.o(Region$$Table)
    Image$$RW_IRAM1$$Base                    0x20001fe8   Number         0  anon$$obj.o ABSOLUTE
    nrf_nvic_state                           0x20002094   Data           8  app_util_platform.o(.data)
    m_average_adc_val                        0x200020be   Data           2  user_adc.o(.data)
    SystemCoreClock                          0x200020c8   Data           4  system_nrf51.o(.data)
    gDebug_str                               0x200023dc   Data         100  main.o(.bss)
    __initial_sp                             0x200030c8   Data           0  arm_startup_nrf51.o(STACK)



==============================================================================

Memory Map of the image

  Image Entry point : 0x0001b0c1

  Load Region LR_IROM1 (Base: 0x0001b000, Size: 0x000048b4, Max: 0x00025000, ABSOLUTE)

    Execution Region ER_IROM1 (Exec base: 0x0001b000, Load base: 0x0001b000, Size: 0x000047d0, Max: 0x00025000, ABSOLUTE)

    Exec Addr    Load Addr    Size         Type   Attr      Idx    E Section Name        Object

    0x0001b000   0x0001b000   0x000000c0   Data   RO         2821    RESET               arm_startup_nrf51.o
    0x0001b0c0   0x0001b0c0   0x00000000   Code   RO         2863  * .ARM.Collect$$$$00000000  mc_p.l(entry.o)
    0x0001b0c0   0x0001b0c0   0x00000004   Code   RO         3169    .ARM.Collect$$$$00000001  mc_p.l(entry2.o)
    0x0001b0c4   0x0001b0c4   0x00000004   Code   RO         3172    .ARM.Collect$$$$00000004  mc_p.l(entry5.o)
    0x0001b0c8   0x0001b0c8   0x00000000   Code   RO         3174    .ARM.Collect$$$$00000008  mc_p.l(entry7b.o)
    0x0001b0c8   0x0001b0c8   0x00000000   Code   RO         3176    .ARM.Collect$$$$0000000A  mc_p.l(entry8b.o)
    0x0001b0c8   0x0001b0c8   0x00000008   Code   RO         3177    .ARM.Collect$$$$0000000B  mc_p.l(entry9a.o)
    0x0001b0d0   0x0001b0d0   0x00000000   Code   RO         3179    .ARM.Collect$$$$0000000D  mc_p.l(entry10a.o)
    0x0001b0d0   0x0001b0d0   0x00000000   Code   RO         3181    .ARM.Collect$$$$0000000F  mc_p.l(entry11a.o)
    0x0001b0d0   0x0001b0d0   0x00000004   Code   RO         3170    .ARM.Collect$$$$00002712  mc_p.l(entry2.o)
    0x0001b0d4   0x0001b0d4   0x00000038   Code   RO         2822    .text               arm_startup_nrf51.o
    0x0001b10c   0x0001b10c   0x0000002c   Code   RO         2866    .text               mc_p.l(uidiv.o)
    0x0001b138   0x0001b138   0x00000028   Code   RO         2868    .text               mc_p.l(idiv.o)
    0x0001b160   0x0001b160   0x00000008   Code   RO         2870    .text               mc_p.l(ctype_o.o)
    0x0001b168   0x0001b168   0x00000024   Code   RO         2898    .text               mc_p.l(memcpya.o)
    0x0001b18c   0x0001b18c   0x00000024   Code   RO         2900    .text               mc_p.l(memseta.o)
    0x0001b1b0   0x0001b1b0   0x0000000e   Code   RO         2902    .text               mc_p.l(strlen.o)
    0x0001b1be   0x0001b1be   0x00000060   Code   RO         3183    .text               mc_p.l(uldiv.o)
    0x0001b21e   0x0001b21e   0x00000002   PAD
    0x0001b220   0x0001b220   0x00000024   Code   RO         3196    .text               mc_p.l(init.o)
    0x0001b244   0x0001b244   0x00000020   Code   RO         3198    .text               mc_p.l(llshl.o)
    0x0001b264   0x0001b264   0x00000022   Code   RO         3200    .text               mc_p.l(llushr.o)
    0x0001b286   0x0001b286   0x00000002   PAD
    0x0001b288   0x0001b288   0x00000060   Code   RO         1551    i.ADC_IRQHandler    nrf_drv_adc.o
    0x0001b2e8   0x0001b2e8   0x0000002c   Code   RO            3    i.BLE_WriteBuffer   main.o
    0x0001b314   0x0001b314   0x00000178   Code   RO         1159    i.GPIOTE_IRQHandler  nrf_drv_gpiote.o
    0x0001b48c   0x0001b48c   0x00000210   Code   RO            5    i.Main_Init         main.o
    0x0001b69c   0x0001b69c   0x00000100   Code   RO            6    i.Main_Proc         main.o
    0x0001b79c   0x0001b79c   0x00000044   Code   RO         1836    i.NVIC_SetPriority  app_timer.o
    0x0001b7e0   0x0001b7e0   0x00000054   Code   RO          953    i.POWER_CLOCK_IRQHandler  nrf_drv_clock.o
    0x0001b834   0x0001b834   0x00000020   Code   RO         1837    i.RTC1_IRQHandler   app_timer.o
    0x0001b854   0x0001b854   0x00000008   Code   RO         1838    i.SWI0_IRQHandler   app_timer.o
    0x0001b85c   0x0001b85c   0x00000020   Code   RO         2641    i.SWI2_IRQHandler   softdevice_handler.o
    0x0001b87c   0x0001b87c   0x000000a0   Code   RO         2829    i.SystemInit        system_nrf51.o
    0x0001b91c   0x0001b91c   0x000000fc   Code   RO         2780    i.Thermistor_GetValue  user_adc.o
    0x0001ba18   0x0001ba18   0x00000014   Code   RO         1374    i.UART0_IRQHandler  nrf_drv_uart.o
    0x0001ba2c   0x0001ba2c   0x000000a4   Code   RO         2781    i.UserADC_GetValue  user_adc.o
    0x0001bad0   0x0001bad0   0x00000034   Code   RO         3116    i.__0snprintf$8     mc_p.l(printf8.o)
    0x0001bb04   0x0001bb04   0x00000028   Code   RO         3117    i.__0sprintf$8      mc_p.l(printf8.o)
    0x0001bb2c   0x0001bb2c   0x0000001a   Code   RO          534    i.__ARM_common_switch8  bsp.o
    0x0001bb46   0x0001bb46   0x0000000e   Code   RO         3210    i.__scatterload_copy  mc_p.l(handlers.o)
    0x0001bb54   0x0001bb54   0x00000002   Code   RO         3211    i.__scatterload_null  mc_p.l(handlers.o)
    0x0001bb56   0x0001bb56   0x0000000e   Code   RO         3212    i.__scatterload_zeroinit  mc_p.l(handlers.o)
    0x0001bb64   0x0001bb64   0x0000001c   Code   RO         2642    i.__sd_nvic_app_accessible_irq  softdevice_handler.o
    0x0001bb80   0x0001bb80   0x00000428   Code   RO         3122    i._printf_core      mc_p.l(printf8.o)
    0x0001bfa8   0x0001bfa8   0x00000020   Code   RO         3123    i._printf_post_padding  mc_p.l(printf8.o)
    0x0001bfc8   0x0001bfc8   0x0000002c   Code   RO         3124    i._printf_pre_padding  mc_p.l(printf8.o)
    0x0001bff4   0x0001bff4   0x00000016   Code   RO         3125    i._snputc           mc_p.l(printf8.o)
    0x0001c00a   0x0001c00a   0x0000000a   Code   RO         3126    i._sputc            mc_p.l(printf8.o)
    0x0001c014   0x0001c014   0x00000030   Code   RO         2782    i.adc_event_handler  user_adc.o
    0x0001c044   0x0001c044   0x00000060   Code   RO         1552    i.adc_sample_process  nrf_drv_adc.o
    0x0001c0a4   0x0001c0a4   0x0000018e   Code   RO          627    i.adv_data_encode   ble_advdata.o
    0x0001c232   0x0001c232   0x00000002   PAD
    0x0001c234   0x0001c234   0x00000068   Code   RO          703    i.adv_mode_next_avail_get  ble_advertising.o
    0x0001c29c   0x0001c29c   0x0000003c   Code   RO          553    i.advertising_buttons_configure  bsp_btn_ble.o
    0x0001c2d8   0x0001c2d8   0x0000000a   Code   RO          440    i.alert_timer_handler  bsp.o
    0x0001c2e2   0x0001c2e2   0x00000002   PAD
    0x0001c2e4   0x0001c2e4   0x00000024   Code   RO         1642    i.app_button_enable  app_button.o
    0x0001c308   0x0001c308   0x00000074   Code   RO         1643    i.app_button_init   app_button.o
    0x0001c37c   0x0001c37c   0x0000003c   Code   RO         1741    i.app_error_fault_handler  app_error_weak.o
    0x0001c3b8   0x0001c3b8   0x00000018   Code   RO         1703    i.app_error_handler_bare  app_error.o
    0x0001c3d0   0x0001c3d0   0x00000030   Code   RO         1841    i.app_timer_create  app_timer.o
    0x0001c400   0x0001c400   0x00000074   Code   RO         1842    i.app_timer_init    app_timer.o
    0x0001c474   0x0001c474   0x00000088   Code   RO         1843    i.app_timer_start   app_timer.o
    0x0001c4fc   0x0001c4fc   0x00000028   Code   RO         1844    i.app_timer_stop    app_timer.o
    0x0001c524   0x0001c524   0x0000003c   Code   RO         2040    i.app_util_critical_region_enter  app_util_platform.o
    0x0001c560   0x0001c560   0x0000002c   Code   RO         2041    i.app_util_critical_region_exit  app_util_platform.o
    0x0001c58c   0x0001c58c   0x00000084   Code   RO         1375    i.apply_config      nrf_drv_uart.o
    0x0001c610   0x0001c610   0x00000068   Code   RO          628    i.ble_advdata_set   ble_advdata.o
    0x0001c678   0x0001c678   0x0000015c   Code   RO          704    i.ble_advertising_init  ble_advertising.o
    0x0001c7d4   0x0001c7d4   0x00000058   Code   RO          705    i.ble_advertising_on_ble_evt  ble_advertising.o
    0x0001c82c   0x0001c82c   0x0000003c   Code   RO          708    i.ble_advertising_restart_without_whitelist  ble_advertising.o
    0x0001c868   0x0001c868   0x00000108   Code   RO          709    i.ble_advertising_start  ble_advertising.o
    0x0001c970   0x0001c970   0x00000054   Code   RO          791    i.ble_conn_params_init  ble_conn_params.o
    0x0001c9c4   0x0001c9c4   0x00000090   Code   RO          792    i.ble_conn_params_on_ble_evt  ble_conn_params.o
    0x0001ca54   0x0001ca54   0x0000005e   Code   RO          629    i.ble_device_addr_encode  ble_advdata.o
    0x0001cab2   0x0001cab2   0x00000002   PAD
    0x0001cab4   0x0001cab4   0x00000028   Code   RO            8    i.ble_evt_dispatch  main.o
    0x0001cadc   0x0001cadc   0x00000068   Code   RO          910    i.ble_nus_init      ble_nus.o
    0x0001cb44   0x0001cb44   0x0000005c   Code   RO          911    i.ble_nus_on_ble_evt  ble_nus.o
    0x0001cba0   0x0001cba0   0x00000054   Code   RO          912    i.ble_nus_string_send  ble_nus.o
    0x0001cbf4   0x0001cbf4   0x0000000e   Code   RO          857    i.ble_srv_is_notification_enabled  ble_srv_common.o
    0x0001cc02   0x0001cc02   0x00000002   PAD
    0x0001cc04   0x0001cc04   0x0000000c   Code   RO          328    i.bsp_board_button_idx_to_pin  boards.o
    0x0001cc10   0x0001cc10   0x00000020   Code   RO          329    i.bsp_board_button_state_get  boards.o
    0x0001cc30   0x0001cc30   0x00000020   Code   RO          332    i.bsp_board_led_invert  boards.o
    0x0001cc50   0x0001cc50   0x00000014   Code   RO          333    i.bsp_board_led_off  boards.o
    0x0001cc64   0x0001cc64   0x00000014   Code   RO          334    i.bsp_board_led_on  boards.o
    0x0001cc78   0x0001cc78   0x00000020   Code   RO          335    i.bsp_board_led_state_get  boards.o
    0x0001cc98   0x0001cc98   0x00000028   Code   RO          336    i.bsp_board_leds_init  boards.o
    0x0001ccc0   0x0001ccc0   0x00000012   Code   RO          337    i.bsp_board_leds_off  boards.o
    0x0001ccd2   0x0001ccd2   0x00000012   Code   RO          338    i.bsp_board_leds_on  boards.o
    0x0001cce4   0x0001cce4   0x00000024   Code   RO          339    i.bsp_board_pin_to_button_idx  boards.o
    0x0001cd08   0x0001cd08   0x00000040   Code   RO          554    i.bsp_btn_ble_init  bsp_btn_ble.o
    0x0001cd48   0x0001cd48   0x00000078   Code   RO          555    i.bsp_btn_ble_on_ble_evt  bsp_btn_ble.o
    0x0001cdc0   0x0001cdc0   0x00000022   Code   RO          556    i.bsp_btn_ble_sleep_mode_prepare  bsp_btn_ble.o
    0x0001cde2   0x0001cde2   0x00000002   PAD
    0x0001cde4   0x0001cde4   0x00000094   Code   RO          441    i.bsp_button_event_handler  bsp.o
    0x0001ce78   0x0001ce78   0x00000008   Code   RO          442    i.bsp_button_is_pressed  bsp.o
    0x0001ce80   0x0001ce80   0x00000070   Code   RO            9    i.bsp_event_handler  main.o
    0x0001cef0   0x0001cef0   0x00000048   Code   RO          445    i.bsp_event_to_button_action_assign  bsp.o
    0x0001cf38   0x0001cf38   0x0000001c   Code   RO          446    i.bsp_indication_set  bsp.o
    0x0001cf54   0x0001cf54   0x00000098   Code   RO          447    i.bsp_init          bsp.o
    0x0001cfec   0x0001cfec   0x00000180   Code   RO          448    i.bsp_led_indication  bsp.o
    0x0001d16c   0x0001d16c   0x00000010   Code   RO          450    i.bsp_wakeup_button_enable  bsp.o
    0x0001d17c   0x0001d17c   0x00000012   Code   RO         2279    i.buf_len_update    nrf_log_backend_serial.o
    0x0001d18e   0x0001d18e   0x0000000c   Code   RO          451    i.button_timer_handler  bsp.o
    0x0001d19a   0x0001d19a   0x00000002   PAD
    0x0001d19c   0x0001d19c   0x0000001c   Code   RO         1160    i.channel_free      nrf_drv_gpiote.o
    0x0001d1b8   0x0001d1b8   0x00000048   Code   RO         1161    i.channel_port_alloc  nrf_drv_gpiote.o
    0x0001d200   0x0001d200   0x00000010   Code   RO         1162    i.channel_port_get  nrf_drv_gpiote.o
    0x0001d210   0x0001d210   0x00000028   Code   RO          954    i.clock_clk_started_notify  nrf_drv_clock.o
    0x0001d238   0x0001d238   0x000000a8   Code   RO         1846    i.compare_reg_update  app_timer.o
    0x0001d2e0   0x0001d2e0   0x00000088   Code   RO          630    i.conn_int_encode   ble_advdata.o
    0x0001d368   0x0001d368   0x00000008   Code   RO           10    i.conn_params_error_handler  main.o
    0x0001d370   0x0001d370   0x00000068   Code   RO          794    i.conn_params_negotiation  ble_conn_params.o
    0x0001d3d8   0x0001d3d8   0x00000060   Code   RO         1645    i.detection_delay_timeout_handler  app_button.o
    0x0001d438   0x0001d438   0x00000040   Code   RO         1847    i.elapsed_ticks_acquire  app_timer.o
    0x0001d478   0x0001d478   0x00000018   Code   RO         2093    i.fs_queued_op_count_get  fstorage.o
    0x0001d490   0x0001d490   0x00000050   Code   RO         1646    i.gpiote_event_handler  app_button.o
    0x0001d4e0   0x0001d4e0   0x00000080   Code   RO         2643    i.intern_softdevice_events_execute  softdevice_handler.o
    0x0001d560   0x0001d560   0x0000001c   Code   RO          795    i.is_conn_params_ok  ble_conn_params.o
    0x0001d57c   0x0001d57c   0x00000048   Code   RO         2830    i.is_manual_peripheral_setup_needed  system_nrf51.o
    0x0001d5c4   0x0001d5c4   0x00000018   Code   RO          452    i.leds_timer_handler  bsp.o
    0x0001d5dc   0x0001d5dc   0x000000ac   Code   RO         1848    i.list_deletions_handler  app_timer.o
    0x0001d688   0x0001d688   0x000000bc   Code   RO         1849    i.list_insertions_handler  app_timer.o
    0x0001d744   0x0001d744   0x00000008   Code   RO           11    i.main              main.o
    0x0001d74c   0x0001d74c   0x00000068   Code   RO          631    i.manuf_specific_data_encode  ble_advdata.o
    0x0001d7b4   0x0001d7b4   0x0000009e   Code   RO          632    i.name_encode       ble_advdata.o
    0x0001d852   0x0001d852   0x00000002   PAD
    0x0001d854   0x0001d854   0x00000014   Code   RO         1553    i.nrf_adc_event_check  nrf_drv_adc.o
    0x0001d868   0x0001d868   0x00000010   Code   RO         1163    i.nrf_bitmask_bit_is_set  nrf_drv_gpiote.o
    0x0001d878   0x0001d878   0x00000010   Code   RO          958    i.nrf_clock_event_check  nrf_drv_clock.o
    0x0001d888   0x0001d888   0x00000030   Code   RO         1850    i.nrf_delay_us      app_timer.o
    0x0001d8b8   0x0001d8b8   0x00000064   Code   RO         1554    i.nrf_drv_adc_buffer_convert  nrf_drv_adc.o
    0x0001d91c   0x0001d91c   0x00000024   Code   RO         1555    i.nrf_drv_adc_channel_disable  nrf_drv_adc.o
    0x0001d940   0x0001d940   0x00000020   Code   RO         1556    i.nrf_drv_adc_channel_enable  nrf_drv_adc.o
    0x0001d960   0x0001d960   0x00000040   Code   RO         1557    i.nrf_drv_adc_init  nrf_drv_adc.o
    0x0001d9a0   0x0001d9a0   0x0000000c   Code   RO         1559    i.nrf_drv_adc_sample  nrf_drv_adc.o
    0x0001d9ac   0x0001d9ac   0x0000002c   Code   RO         1561    i.nrf_drv_adc_uninit  nrf_drv_adc.o
    0x0001d9d8   0x0001d9d8   0x00000048   Code   RO          965    i.nrf_drv_clock_init  nrf_drv_clock.o
    0x0001da20   0x0001da20   0x00000034   Code   RO          972    i.nrf_drv_clock_on_sd_enable  nrf_drv_clock.o
    0x0001da54   0x0001da54   0x0000000c   Code   RO          973    i.nrf_drv_clock_on_soc_event  nrf_drv_clock.o
    0x0001da60   0x0001da60   0x00000060   Code   RO         1118    i.nrf_drv_common_irq_enable  nrf_drv_common.o
    0x0001dac0   0x0001dac0   0x00000098   Code   RO         1166    i.nrf_drv_gpiote_in_event_enable  nrf_drv_gpiote.o
    0x0001db58   0x0001db58   0x000000a8   Code   RO         1167    i.nrf_drv_gpiote_in_init  nrf_drv_gpiote.o
    0x0001dc00   0x0001dc00   0x00000014   Code   RO         1168    i.nrf_drv_gpiote_in_is_set  nrf_drv_gpiote.o
    0x0001dc14   0x0001dc14   0x0000005c   Code   RO         1170    i.nrf_drv_gpiote_init  nrf_drv_gpiote.o
    0x0001dc70   0x0001dc70   0x00000010   Code   RO         1171    i.nrf_drv_gpiote_is_init  nrf_drv_gpiote.o
    0x0001dc80   0x0001dc80   0x00000080   Code   RO         1377    i.nrf_drv_uart_init  nrf_drv_uart.o
    0x0001dd00   0x0001dd00   0x00000034   Code   RO         1383    i.nrf_drv_uart_tx   nrf_drv_uart.o
    0x0001dd34   0x0001dd34   0x0000008c   Code   RO         1385    i.nrf_drv_uart_tx_for_uart  nrf_drv_uart.o
    0x0001ddc0   0x0001ddc0   0x00000018   Code   RO         1386    i.nrf_drv_uart_tx_in_progress  nrf_drv_uart.o
    0x0001ddd8   0x0001ddd8   0x00000098   Code   RO         1387    i.nrf_drv_uart_uninit  nrf_drv_uart.o
    0x0001de70   0x0001de70   0x00000028   Code   RO          341    i.nrf_gpio_cfg      boards.o
    0x0001de98   0x0001de98   0x00000028   Code   RO         1183    i.nrf_gpio_cfg      nrf_drv_gpiote.o
    0x0001dec0   0x0001dec0   0x00000028   Code   RO         1388    i.nrf_gpio_cfg      nrf_drv_uart.o
    0x0001dee8   0x0001dee8   0x00000012   Code   RO         1389    i.nrf_gpio_cfg_default  nrf_drv_uart.o
    0x0001defa   0x0001defa   0x00000012   Code   RO         1390    i.nrf_gpio_cfg_input  nrf_drv_uart.o
    0x0001df0c   0x0001df0c   0x00000014   Code   RO         1391    i.nrf_gpio_cfg_output  nrf_drv_uart.o
    0x0001df20   0x0001df20   0x00000022   Code   RO          453    i.nrf_gpio_cfg_sense_set  bsp.o
    0x0001df42   0x0001df42   0x00000022   Code   RO         1185    i.nrf_gpio_cfg_sense_set  nrf_drv_gpiote.o
    0x0001df64   0x0001df64   0x00000018   Code   RO          342    i.nrf_gpio_pin_write  boards.o
    0x0001df7c   0x0001df7c   0x00000028   Code   RO         1186    i.nrf_gpio_ports_read  nrf_drv_gpiote.o
    0x0001dfa4   0x0001dfa4   0x00000010   Code   RO         1187    i.nrf_gpiote_event_clear  nrf_drv_gpiote.o
    0x0001dfb4   0x0001dfb4   0x00000014   Code   RO         1188    i.nrf_gpiote_event_is_set  nrf_drv_gpiote.o
    0x0001dfc8   0x0001dfc8   0x00000008   Code   RO         2281    i.nrf_log_backend_hexdump_handler_get  nrf_log_backend_serial.o
    0x0001dfd0   0x0001dfd0   0x00000078   Code   RO         2282    i.nrf_log_backend_init  nrf_log_backend_serial.o
    0x0001e048   0x0001e048   0x00000132   Code   RO         2283    i.nrf_log_backend_serial_hexdump_handler  nrf_log_backend_serial.o
    0x0001e17a   0x0001e17a   0x00000104   Code   RO         2284    i.nrf_log_backend_serial_std_handler  nrf_log_backend_serial.o
    0x0001e27e   0x0001e27e   0x00000002   PAD
    0x0001e280   0x0001e280   0x00000008   Code   RO         2285    i.nrf_log_backend_std_handler_get  nrf_log_backend_serial.o
    0x0001e288   0x0001e288   0x00000018   Code   RO         2372    i.nrf_log_direct_feed  nrf_log_frontend.o
    0x0001e2a0   0x0001e2a0   0x0000000c   Code   RO         2376    i.nrf_log_frontend_std_0  nrf_log_frontend.o
    0x0001e2ac   0x0001e2ac   0x0000000e   Code   RO         2377    i.nrf_log_frontend_std_1  nrf_log_frontend.o
    0x0001e2ba   0x0001e2ba   0x00000010   Code   RO         2378    i.nrf_log_frontend_std_2  nrf_log_frontend.o
    0x0001e2ca   0x0001e2ca   0x00000002   PAD
    0x0001e2cc   0x0001e2cc   0x0000000c   Code   RO         2384    i.nrf_log_handlers_set  nrf_log_frontend.o
    0x0001e2d8   0x0001e2d8   0x00000022   Code   RO         2385    i.nrf_log_init      nrf_log_frontend.o
    0x0001e2fa   0x0001e2fa   0x0000000a   Code   RO         1392    i.nrf_uart_event_check  nrf_drv_uart.o
    0x0001e304   0x0001e304   0x00000010   Code   RO         1393    i.nrf_uart_int_enable_check  nrf_drv_uart.o
    0x0001e314   0x0001e314   0x00000028   Code   RO           12    i.nus_data_handler  main.o
    0x0001e33c   0x0001e33c   0x0000000c   Code   RO           13    i.on_adv_evt        main.o
    0x0001e348   0x0001e348   0x000000f8   Code   RO           14    i.on_ble_evt        main.o
    0x0001e440   0x0001e440   0x00000020   Code   RO           15    i.on_conn_params_evt  main.o
    0x0001e460   0x0001e460   0x00000018   Code   RO         1189    i.pin_in_use_by_port  nrf_drv_gpiote.o
    0x0001e478   0x0001e478   0x00000018   Code   RO         1190    i.pin_in_use_by_te  nrf_drv_gpiote.o
    0x0001e490   0x0001e490   0x00000010   Code   RO         2644    i.ram_end_address_get  softdevice_handler.o
    0x0001e4a0   0x0001e4a0   0x00000044   Code   RO         1851    i.rtc1_stop         app_timer.o
    0x0001e4e4   0x0001e4e4   0x00000026   Code   RO         1394    i.rx_byte           nrf_drv_uart.o
    0x0001e50a   0x0001e50a   0x0000009e   Code   RO          913    i.rx_char_add       ble_nus.o
    0x0001e5a8   0x0001e5a8   0x00000014   Code   RO         1395    i.rx_done_event     nrf_drv_uart.o
    0x0001e5bc   0x0001e5bc   0x00000084   Code   RO         2646    i.sd_nvic_EnableIRQ  softdevice_handler.o
    0x0001e640   0x0001e640   0x00000010   Code   RO         2286    i.serial_is_busy    nrf_log_backend_serial.o
    0x0001e650   0x0001e650   0x0000002c   Code   RO         2287    i.serial_tx         nrf_log_backend_serial.o
    0x0001e67c   0x0001e67c   0x0000008e   Code   RO          633    i.service_data_encode  ble_advdata.o
    0x0001e70a   0x0001e70a   0x00000002   PAD
    0x0001e70c   0x0001e70c   0x00000058   Code   RO          711    i.set_adv_mode_fast  ble_advertising.o
    0x0001e764   0x0001e764   0x00000054   Code   RO          712    i.set_adv_mode_slow  ble_advertising.o
    0x0001e7b8   0x0001e7b8   0x00000028   Code   RO           16    i.sleep_mode_enter  main.o
    0x0001e7e0   0x0001e7e0   0x00000014   Code   RO         2647    i.softdevice_ble_evt_handler_set  softdevice_handler.o
    0x0001e7f4   0x0001e7f4   0x000000a4   Code   RO         2648    i.softdevice_enable  softdevice_handler.o
    0x0001e898   0x0001e898   0x00000028   Code   RO         2649    i.softdevice_enable_get_default_config  softdevice_handler.o
    0x0001e8c0   0x0001e8c0   0x00000008   Code   RO         2650    i.softdevice_fault_handler  softdevice_handler.o
    0x0001e8c8   0x0001e8c8   0x00000058   Code   RO         2651    i.softdevice_handler_init  softdevice_handler.o
    0x0001e920   0x0001e920   0x0000000c   Code   RO         2652    i.softdevice_handler_is_enabled  softdevice_handler.o
    0x0001e92c   0x0001e92c   0x00000084   Code   RO         1852    i.timer_list_handler  app_timer.o
    0x0001e9b0   0x0001e9b0   0x00000010   Code   RO         1853    i.timer_list_handler_sched  app_timer.o
    0x0001e9c0   0x0001e9c0   0x00000040   Code   RO         1854    i.timer_list_insert  app_timer.o
    0x0001ea00   0x0001ea00   0x00000048   Code   RO         1855    i.timer_stop_op_schedule  app_timer.o
    0x0001ea48   0x0001ea48   0x00000080   Code   RO         1856    i.timer_timeouts_check  app_timer.o
    0x0001eac8   0x0001eac8   0x00000034   Code   RO         2288    i.timestamp_process  nrf_log_backend_serial.o
    0x0001eafc   0x0001eafc   0x0000001e   Code   RO         1397    i.tx_byte           nrf_drv_uart.o
    0x0001eb1a   0x0001eb1a   0x00000080   Code   RO          914    i.tx_char_add       ble_nus.o
    0x0001eb9a   0x0001eb9a   0x00000018   Code   RO         1398    i.tx_done_event     nrf_drv_uart.o
    0x0001ebb2   0x0001ebb2   0x00000002   PAD
    0x0001ebb4   0x0001ebb4   0x00000010   Code   RO         2289    i.uart_event_handler  nrf_log_backend_serial.o
    0x0001ebc4   0x0001ebc4   0x00000128   Code   RO         1399    i.uart_irq_handler  nrf_drv_uart.o
    0x0001ecec   0x0001ecec   0x0000000a   Code   RO          634    i.uint16_encode     ble_advdata.o
    0x0001ecf6   0x0001ecf6   0x00000002   PAD
    0x0001ecf8   0x0001ecf8   0x00000064   Code   RO          796    i.update_timeout_handler  ble_conn_params.o
    0x0001ed5c   0x0001ed5c   0x0000002c   Code   RO         1857    i.user_op_alloc     app_timer.o
    0x0001ed88   0x0001ed88   0x00000040   Code   RO           19    i.user_timer_handler  main.o
    0x0001edc8   0x0001edc8   0x00000030   Code   RO          635    i.uuid_list_encode  ble_advdata.o
    0x0001edf8   0x0001edf8   0x000000ae   Code   RO          636    i.uuid_list_sized_encode  ble_advdata.o
    0x0001eea6   0x0001eea6   0x00000002   PAD
    0x0001eea8   0x0001eea8   0x00000018   Code   RO          713    i.whitelist_has_entries  ble_advertising.o
    0x0001eec0   0x0001eec0   0x00000020   Data   RO           22    .constdata          main.o
    0x0001eee0   0x0001eee0   0x00000008   Data   RO          343    .constdata          boards.o
    0x0001eee8   0x0001eee8   0x0000002c   Data   RO          458    .constdata          bsp.o
    0x0001ef14   0x0001ef14   0x00000004   Data   RO          799    .constdata          ble_conn_params.o
    0x0001ef18   0x0001ef18   0x00000010   Data   RO          915    .constdata          ble_nus.o
    0x0001ef28   0x0001ef28   0x00000004   Data   RO         1192    .constdata          nrf_drv_gpiote.o
    0x0001ef2c   0x0001ef2c   0x00000001   Data   RO         1563    .constdata          nrf_drv_adc.o
    0x0001ef2d   0x0001ef2d   0x00000003   PAD
    0x0001ef30   0x0001ef30   0x00000008   Data   RO         1648    .constdata          app_button.o
    0x0001ef38   0x0001ef38   0x00000020   Data   RO         2292    .constdata          nrf_log_backend_serial.o
    0x0001ef58   0x0001ef58   0x0000078c   Data   RO         2783    .constdata          user_adc.o
    0x0001f6e4   0x0001f6e4   0x00000081   Data   RO         2871    .constdata          mc_p.l(ctype_o.o)
    0x0001f765   0x0001f765   0x00000003   PAD
    0x0001f768   0x0001f768   0x00000004   Data   RO         2872    .constdata          mc_p.l(ctype_o.o)
    0x0001f76c   0x0001f76c   0x00000042   Data   RO         2658    .conststring        softdevice_handler.o
    0x0001f7ae   0x0001f7ae   0x00000002   PAD
    0x0001f7b0   0x0001f7b0   0x00000020   Data   RO         3208    Region$$Table       anon$$obj.o


    Execution Region RW_IRAM1 (Exec base: 0x20001fe8, Load base: 0x0001f7d0, Size: 0x000010e0, Max: 0x00006018, ABSOLUTE)

    Exec Addr    Load Addr    Size         Type   Attr      Idx    E Section Name        Object

    0x20001fe8   0x0001f7d0   0x00000014   Data   RW           23    .data               main.o
    0x20001ffc   0x0001f7e4   0x00000014   Data   RW          459    .data               bsp.o
    0x20002010   0x0001f7f8   0x00000008   Data   RW          557    .data               bsp_btn_ble.o
    0x20002018   0x0001f800   0x00000030   Data   RW          717    .data               ble_advertising.o
    0x20002048   0x0001f830   0x00000014   Data   RW          800    .data               ble_conn_params.o
    0x2000205c   0x0001f844   0x00000014   Data   RW         1649    .data               app_button.o
    0x20002070   0x0001f858   0x00000020   Data   RW         1858    .data               app_timer.o
    0x20002090   0x0001f878   0x0000000c   Data   RW         2044    .data               app_util_platform.o
    0x2000209c   0x0001f884   0x0000000c   Data   RW         2293    .data               nrf_log_backend_serial.o
    0x200020a8   0x0001f890   0x00000014   Data   RW         2659    .data               softdevice_handler.o
    0x200020bc   0x0001f8a4   0x0000000c   Data   RW         2784    .data               user_adc.o
    0x200020c8   0x0001f8b0   0x00000004   Data   RW         2831    .data               system_nrf51.o
    0x200020cc        -       0x00000020   Zero   RW           20    .bss                main.o
    0x200020ec        -       0x00000354   Zero   RW           21    .bss                main.o
    0x20002440        -       0x00000020   Zero   RW          454    .bss                bsp.o
    0x20002460        -       0x00000020   Zero   RW          455    .bss                bsp.o
    0x20002480        -       0x0000000c   Zero   RW          456    .bss                bsp.o
    0x2000248c        -       0x00000020   Zero   RW          457    .bss                bsp.o
    0x200024ac        -       0x0000016b   Zero   RW          714    .bss                ble_advertising.o
    0x20002617   0x0001f8b4   0x00000001   PAD
    0x20002618        -       0x00000020   Zero   RW          715    .bss                ble_advertising.o
    0x20002638        -       0x00000020   Zero   RW          716    .bss                ble_advertising.o
    0x20002658        -       0x00000020   Zero   RW          797    .bss                ble_conn_params.o
    0x20002678        -       0x0000001c   Zero   RW          798    .bss                ble_conn_params.o
    0x20002694        -       0x00000014   Zero   RW          975    .bss                nrf_drv_clock.o
    0x200026a8        -       0x00000048   Zero   RW         1191    .bss                nrf_drv_gpiote.o
    0x200026f0        -       0x0000001c   Zero   RW         1400    .bss                nrf_drv_uart.o
    0x2000270c        -       0x00000014   Zero   RW         1562    .bss                nrf_drv_adc.o
    0x20002720        -       0x00000020   Zero   RW         1647    .bss                app_button.o
    0x20002740        -       0x00000068   Zero   RW         2102    .bss                fstorage.o
    0x200027a8        -       0x00000100   Zero   RW         2290    .bss                nrf_log_backend_serial.o
    0x200028a8        -       0x0000001c   Zero   RW         2387    .bss                nrf_log_frontend.o
    0x200028c4   0x0001f8b4   0x00000004   PAD
    0x200028c8        -       0x00000800   Zero   RW         2819    STACK               arm_startup_nrf51.o


==============================================================================

Image component sizes


      Code (inc. data)   RO Data    RW Data    ZI Data      Debug   Object Name

       328         34          8         20         32       9358   app_button.o
        24          4          0          0          0       2305   app_error.o
        60         34          0          0          0       7154   app_error_weak.o
      1612        158          0         32          0      44247   app_timer.o
         0          0          0          0          0       5708   app_uart_fifo.o
       104         20          0         12          0       6630   app_util_platform.o
        56         18        192          0       2048        756   arm_startup_nrf51.o
      1368          6          0          0          0      31280   ble_advdata.o
      1060         72          0         48        427      11784   ble_advertising.o
       460         60          4         20         60       5872   ble_conn_params.o
       566         12         16          0          0       5850   ble_nus.o
        14          0          0          0          0       1502   ble_srv_common.o
       324         58          8          0          0      13128   boards.o
       914         86         44         20        108      14895   bsp.o
       278         12          0          8          0       5077   bsp_btn_ble.o
        24          6          0          0        104       3964   fstorage.o
      1432        302         32         20        884     118188   main.o
       500        100          1          0         20      13738   nrf_drv_adc.o
       276         38          0          0         20      12432   nrf_drv_clock.o
        96         18          0          0          0       9120   nrf_drv_common.o
      1154        100          4          0         72      29116   nrf_drv_gpiote.o
      1178         50          0          0         28      35981   nrf_drv_uart.o
       848         64         32         12        256      11443   nrf_log_backend_serial.o
       112          8          0          0         28       7763   nrf_log_frontend.o
       668        162         66         20          0      22711   softdevice_handler.o
       232         36          0          4          0       2543   system_nrf51.o
       464        136       1932         12          0       4114   user_adc.o

    ----------------------------------------------------------------------
     14178       1594       2376        228       4092     436659   Object Totals
         0          0         32          0          0          0   (incl. Generated)
        26          0          5          0          5          0   (incl. Padding)

    ----------------------------------------------------------------------

      Code (inc. data)   RO Data    RW Data    ZI Data      Debug   Library Member Name

         8          4        133          0          0         60   ctype_o.o
         0          0          0          0          0          0   entry.o
         0          0          0          0          0          0   entry10a.o
         0          0          0          0          0          0   entry11a.o
         8          4          0          0          0          0   entry2.o
         4          0          0          0          0          0   entry5.o
         0          0          0          0          0          0   entry7b.o
         0          0          0          0          0          0   entry8b.o
         8          4          0          0          0          0   entry9a.o
        30          0          0          0          0          0   handlers.o
        40          0          0          0          0         72   idiv.o
        36          8          0          0          0         68   init.o
        32          0          0          0          0         68   llshl.o
        34          0          0          0          0         68   llushr.o
        36          0          0          0          0         60   memcpya.o
        36          0          0          0          0        100   memseta.o
      1264         54          0          0          0        528   printf8.o
        14          0          0          0          0         60   strlen.o
        44          0          0          0          0         72   uidiv.o
        96          0          0          0          0         84   uldiv.o

    ----------------------------------------------------------------------
      1694         74        136          0          0       1240   Library Totals
         4          0          3          0          0          0   (incl. Padding)

    ----------------------------------------------------------------------

      Code (inc. data)   RO Data    RW Data    ZI Data      Debug   Library Name

      1690         74        133          0          0       1240   mc_p.l

    ----------------------------------------------------------------------
      1694         74        136          0          0       1240   Library Totals

    ----------------------------------------------------------------------

==============================================================================


      Code (inc. data)   RO Data    RW Data    ZI Data      Debug   

     15872       1668       2512        228       4092     429603   Grand Totals
     15872       1668       2512        228       4092     429603   ELF Image Totals
     15872       1668       2512        228          0          0   ROM Totals

==============================================================================

    Total RO  Size (Code + RO Data)                18384 (  17.95kB)
    Total RW  Size (RW Data + ZI Data)              4320 (   4.22kB)
    Total ROM Size (Code + RO Data + RW Data)      18612 (  18.18kB)

==============================================================================

