<html>
<body>
<pre>
<h1>µVision Build Log</h1>
<h2>Tool Versions:</h2>
IDE-Version: µVision V5.25.2.0
Copyright (C) 2018 ARM Ltd and ARM Germany GmbH. All rights reserved.
License Information: Armaan Kohli, RCS Inc., LIC=----
 
Tool Versions:
Toolchain:       MDK-Lite  Version: 5.25.2.0
Toolchain Path:  C:\Keil_v5\ARM\ARMCC\Bin
C Compiler:      Armcc.exe V5.06 update 6 (build 750)
Assembler:       Armasm.exe V5.06 update 6 (build 750)
Linker/Locator:  ArmLink.exe V5.06 update 6 (build 750)
Library Manager: ArmAr.exe V5.06 update 6 (build 750)
Hex Converter:   FromElf.exe V5.06 update 6 (build 750)
CPU DLL:         
Dialog DLL:      
Target DLL:      Segger\JL2CM3.dll V2.99.29.0
Dialog DLL:      TARMCM1.DLL V1.14.0.0
 
<h2>Project:</h2>
C:\Users\Student\Documents\ble_system_project\v2\ble-temperature-sensor-master\BLE_Thermistor_Firmware\project\ble_project\ble_app_project\pca10028\s130\arm5_no_packs\BLE_Thermistor.uvprojx
Project File Date:  08/16/2018

<h2>Output:</h2>
*** Using Compiler 'V5.06 update 6 (build 750)', folder: 'C:\Keil_v5\ARM\ARMCC\Bin'
Rebuild target 'BLE_Thermistor'
compiling boards.c...
compiling bsp.c...
compiling bsp_nfc.c...
compiling main.c...
compiling ble_advertising.c...
compiling bsp_btn_ble.c...
compiling ble_advdata.c...
compiling nrf_drv_clock.c...
compiling ble_nus.c...
compiling nrf_drv_common.c...
compiling ble_conn_params.c...
compiling nrf_drv_gpiote.c...
compiling nrf_drv_uart.c...
compiling ble_srv_common.c...
compiling app_fifo.c...
compiling nrf_drv_adc.c...
compiling app_error_weak.c...
compiling app_button.c...
compiling app_error.c...
compiling app_timer.c...
compiling app_uart_fifo.c...
compiling app_util_platform.c...
compiling fstorage.c...
compiling nrf_assert.c...
compiling RTT_Syscalls_KEIL.c...
compiling sdk_errors.c...
compiling hardfault_implementation.c...
compiling retarget.c...
compiling SEGGER_RTT_printf.c...
compiling nrf_log_frontend.c...
compiling nrf_log_backend_serial.c...
assembling arm_startup_nrf51.s...
compiling SEGGER_RTT.c...
compiling user_adc.c...
compiling system_nrf51.c...
compiling softdevice_handler.c...
linking...
Program Size: Code=15872 RO-data=2512 RW-data=228 ZI-data=4092  
FromELF: creating hex file...
".\_build\BLE_Thermistor.axf" - 0 Error(s), 0 Warning(s).

<h2>Software Packages used:</h2>

Package Vendor: ARM
                http://www.keil.com/pack/ARM.CMSIS.4.5.0.pack
                ARM.CMSIS.4.5.0
                CMSIS (Cortex Microcontroller Software Interface Standard)
   * Component: CORE Version: 4.3.0

Package Vendor: NordicSemiconductor
                http://developer.nordicsemi.com/nRF5_SDK/pieces/nRF_DeviceFamilyPack/NordicSemiconductor.nRF_DeviceFamilyPack.8.11.1.pack
                NordicSemiconductor.nRF_DeviceFamilyPack.8.11.1
                Nordic Semiconductor nRF ARM devices Device Family Pack.
   * Component: Startup Version: 8.11.1

<h2>Collection of Component include folders:</h2>
  .\RTE\_BLE_Thermistor
  C:\Keil_v5\ARM\PACK\ARM\CMSIS\4.5.0\CMSIS\Include
  C:\Keil_v5\ARM\PACK\NordicSemiconductor\nRF_DeviceFamilyPack\8.11.1\Device\Include

<h2>Collection of Component Files used:</h2>

   * Component: ARM::CMSIS:CORE:4.3.0

   * Component: NordicSemiconductor::Device:Startup:8.11.1
      Source file:   Device\Source\arm\arm_startup_nrf51.s
      Source file:   Device\Source\system_nrf51.c
      Include file:  Device\Include\system_nrf51.h
Build Time Elapsed:  00:00:09
</pre>
</body>
</html>
